Archive member included to satisfy reference by file (symbol)

D:/ST/STM32CubeIDE_1.7.0/STM32CubeIDE/plugins/com.st.stm32cube.ide.mcu.externaltools.gnu-tools-for-stm32.11.3.rel1.win32_1.1.100.202309141235/tools/bin/../lib/gcc/arm-none-eabi/11.3.1/../../../../arm-none-eabi/lib/thumb/v7-m/nofp\libc_nano.a(libc_a-atof.o)
                              ./Core/gps_neo6/gps_neo6.o (atof)
D:/ST/STM32CubeIDE_1.7.0/STM32CubeIDE/plugins/com.st.stm32cube.ide.mcu.externaltools.gnu-tools-for-stm32.11.3.rel1.win32_1.1.100.202309141235/tools/bin/../lib/gcc/arm-none-eabi/11.3.1/../../../../arm-none-eabi/lib/thumb/v7-m/nofp\libc_nano.a(libc_a-atoi.o)
                              ./Core/gps_neo6/gps_neo6.o (atoi)
D:/ST/STM32CubeIDE_1.7.0/STM32CubeIDE/plugins/com.st.stm32cube.ide.mcu.externaltools.gnu-tools-for-stm32.11.3.rel1.win32_1.1.100.202309141235/tools/bin/../lib/gcc/arm-none-eabi/11.3.1/../../../../arm-none-eabi/lib/thumb/v7-m/nofp\libc_nano.a(libc_a-exit.o)
                              D:/ST/STM32CubeIDE_1.7.0/STM32CubeIDE/plugins/com.st.stm32cube.ide.mcu.externaltools.gnu-tools-for-stm32.11.3.rel1.win32_1.1.100.202309141235/tools/bin/../lib/gcc/arm-none-eabi/11.3.1/../../../../arm-none-eabi/lib/thumb/v7-m/nofp/crt0.o (exit)
D:/ST/STM32CubeIDE_1.7.0/STM32CubeIDE/plugins/com.st.stm32cube.ide.mcu.externaltools.gnu-tools-for-stm32.11.3.rel1.win32_1.1.100.202309141235/tools/bin/../lib/gcc/arm-none-eabi/11.3.1/../../../../arm-none-eabi/lib/thumb/v7-m/nofp\libc_nano.a(libc_a-strtod.o)
                              D:/ST/STM32CubeIDE_1.7.0/STM32CubeIDE/plugins/com.st.stm32cube.ide.mcu.externaltools.gnu-tools-for-stm32.11.3.rel1.win32_1.1.100.202309141235/tools/bin/../lib/gcc/arm-none-eabi/11.3.1/../../../../arm-none-eabi/lib/thumb/v7-m/nofp\libc_nano.a(libc_a-atof.o) (strtod)
D:/ST/STM32CubeIDE_1.7.0/STM32CubeIDE/plugins/com.st.stm32cube.ide.mcu.externaltools.gnu-tools-for-stm32.11.3.rel1.win32_1.1.100.202309141235/tools/bin/../lib/gcc/arm-none-eabi/11.3.1/../../../../arm-none-eabi/lib/thumb/v7-m/nofp\libc_nano.a(libc_a-strtol.o)
                              D:/ST/STM32CubeIDE_1.7.0/STM32CubeIDE/plugins/com.st.stm32cube.ide.mcu.externaltools.gnu-tools-for-stm32.11.3.rel1.win32_1.1.100.202309141235/tools/bin/../lib/gcc/arm-none-eabi/11.3.1/../../../../arm-none-eabi/lib/thumb/v7-m/nofp\libc_nano.a(libc_a-atoi.o) (_strtol_r)
D:/ST/STM32CubeIDE_1.7.0/STM32CubeIDE/plugins/com.st.stm32cube.ide.mcu.externaltools.gnu-tools-for-stm32.11.3.rel1.win32_1.1.100.202309141235/tools/bin/../lib/gcc/arm-none-eabi/11.3.1/../../../../arm-none-eabi/lib/thumb/v7-m/nofp\libc_nano.a(libc_a-ctype_.o)
                              D:/ST/STM32CubeIDE_1.7.0/STM32CubeIDE/plugins/com.st.stm32cube.ide.mcu.externaltools.gnu-tools-for-stm32.11.3.rel1.win32_1.1.100.202309141235/tools/bin/../lib/gcc/arm-none-eabi/11.3.1/../../../../arm-none-eabi/lib/thumb/v7-m/nofp\libc_nano.a(libc_a-strtol.o) (_ctype_)
D:/ST/STM32CubeIDE_1.7.0/STM32CubeIDE/plugins/com.st.stm32cube.ide.mcu.externaltools.gnu-tools-for-stm32.11.3.rel1.win32_1.1.100.202309141235/tools/bin/../lib/gcc/arm-none-eabi/11.3.1/../../../../arm-none-eabi/lib/thumb/v7-m/nofp\libc_nano.a(libc_a-nano-vfprintf_float.o)
                              (_printf_float)
D:/ST/STM32CubeIDE_1.7.0/STM32CubeIDE/plugins/com.st.stm32cube.ide.mcu.externaltools.gnu-tools-for-stm32.11.3.rel1.win32_1.1.100.202309141235/tools/bin/../lib/gcc/arm-none-eabi/11.3.1/../../../../arm-none-eabi/lib/thumb/v7-m/nofp\libc_nano.a(libc_a-nano-vfprintf_i.o)
                              D:/ST/STM32CubeIDE_1.7.0/STM32CubeIDE/plugins/com.st.stm32cube.ide.mcu.externaltools.gnu-tools-for-stm32.11.3.rel1.win32_1.1.100.202309141235/tools/bin/../lib/gcc/arm-none-eabi/11.3.1/../../../../arm-none-eabi/lib/thumb/v7-m/nofp\libc_nano.a(libc_a-nano-vfprintf_float.o) (_printf_common)
D:/ST/STM32CubeIDE_1.7.0/STM32CubeIDE/plugins/com.st.stm32cube.ide.mcu.externaltools.gnu-tools-for-stm32.11.3.rel1.win32_1.1.100.202309141235/tools/bin/../lib/gcc/arm-none-eabi/11.3.1/../../../../arm-none-eabi/lib/thumb/v7-m/nofp\libc_nano.a(libc_a-nano-vfscanf_float.o)
                              (_scanf_float)
D:/ST/STM32CubeIDE_1.7.0/STM32CubeIDE/plugins/com.st.stm32cube.ide.mcu.externaltools.gnu-tools-for-stm32.11.3.rel1.win32_1.1.100.202309141235/tools/bin/../lib/gcc/arm-none-eabi/11.3.1/../../../../arm-none-eabi/lib/thumb/v7-m/nofp\libc_nano.a(libc_a-findfp.o)
                              D:/ST/STM32CubeIDE_1.7.0/STM32CubeIDE/plugins/com.st.stm32cube.ide.mcu.externaltools.gnu-tools-for-stm32.11.3.rel1.win32_1.1.100.202309141235/tools/bin/../lib/gcc/arm-none-eabi/11.3.1/../../../../arm-none-eabi/lib/thumb/v7-m/nofp\libc_nano.a(libc_a-exit.o) (__stdio_exit_handler)
D:/ST/STM32CubeIDE_1.7.0/STM32CubeIDE/plugins/com.st.stm32cube.ide.mcu.externaltools.gnu-tools-for-stm32.11.3.rel1.win32_1.1.100.202309141235/tools/bin/../lib/gcc/arm-none-eabi/11.3.1/../../../../arm-none-eabi/lib/thumb/v7-m/nofp\libc_nano.a(libc_a-fwalk.o)
[...]
Memory Configuration

Name             Origin             Length             Attributes
RAM              0x0000000020000000 0x0000000000005000 xrw
FLASH            0x0000000008000000 0x0000000000010000 xr
*default*        0x0000000000000000 0xffffffffffffffff

Linker script and memory map

LOAD D:/ST/STM32CubeIDE_1.7.0/STM32CubeIDE/plugins/com.st.stm32cube.ide.mcu.externaltools.gnu-tools-for-stm32.11.3.rel1.win32_1.1.100.202309141235/tools/bin/../lib/gcc/arm-none-eabi/11.3.1/thumb/v7-m/nofp/crti.o
LOAD D:/ST/STM32CubeIDE_1.7.0/STM32CubeIDE/plugins/com.st.stm32cube.ide.mcu.externaltools.gnu-tools-for-stm32.11.3.rel1.win32_1.1.100.202309141235/tools/bin/../lib/gcc/arm-none-eabi/11.3.1/thumb/v7-m/nofp/crtbegin.o
LOAD D:/ST/STM32CubeIDE_1.7.0/STM32CubeIDE/plugins/com.st.stm32cube.ide.mcu.externaltools.gnu-tools-for-stm32.11.3.rel1.win32_1.1.100.202309141235/tools/bin/../lib/gcc/arm-none-eabi/11.3.1/../../../../arm-none-eabi/lib/thumb/v7-m/nofp/crt0.o
LOAD ./Core/Src/BME280.o
LOAD ./Core/Src/display.o
LOAD ./Core/Src/encoder.o
LOAD ./Core/Src/freertos.o
LOAD ./Core/Src/gpio.o
LOAD ./Core/Src/i2c.o
LOAD ./Core/Src/main.o
LOAD ./Core/Src/rtc.o
LOAD ./Core/Src/sensors.o
LOAD ./Core/Src/stm32f1xx_hal_msp.o
LOAD ./Core/Src/stm32f1xx_hal_timebase_tim.o
LOAD ./Core/Src/stm32f1xx_it.o
LOAD ./Core/Src/syscalls.o
LOAD ./Core/Src/sysmem.o
LOAD ./Core/Src/system_stm32f1xx.o
LOAD ./Core/Src/tim.o
LOAD ./Core/Src/uart_pc.o
LOAD ./Core/Src/usart.o
LOAD ./Core/Startup/startup_stm32f103c8tx.o
LOAD ./Core/ds1307/ds1307_for_stm32_hal.o
LOAD ./Core/gps_neo6/gps_neo6.o
LOAD ./Core/ssd1306/ssd1306.o
LOAD ./Core/ssd1306/ssd1306_fonts.o
LOAD ./Core/ssd1306/ssd1306_tests.o
LOAD ./Drivers/STM32F1xx_HAL_Driver/Src/stm32f1xx_hal.o
LOAD ./Drivers/STM32F1xx_HAL_Driver/Src/stm32f1xx_hal_cortex.o
LOAD ./Drivers/STM32F1xx_HAL_Driver/Src/stm32f1xx_hal_dma.o
LOAD ./Drivers/STM32F1xx_HAL_Driver/Src/stm32f1xx_hal_exti.o
LOAD ./Drivers/STM32F1xx_HAL_Driver/Src/stm32f1xx_hal_flash.o
LOAD ./Drivers/STM32F1xx_HAL_Driver/Src/stm32f1xx_hal_flash_ex.o
LOAD ./Drivers/STM32F1xx_HAL_Driver/Src/stm32f1xx_hal_gpio.o
LOAD ./Drivers/STM32F1xx_HAL_Driver/Src/stm32f1xx_hal_gpio_ex.o
LOAD ./Drivers/STM32F1xx_HAL_Driver/Src/stm32f1xx_hal_i2c.o
LOAD ./Drivers/STM32F1xx_HAL_Driver/Src/stm32f1xx_hal_pwr.o
LOAD ./Drivers/STM32F1xx_HAL_Driver/Src/stm32f1xx_hal_rcc.o
LOAD ./Drivers/STM32F1xx_HAL_Driver/Src/stm32f1xx_hal_rcc_ex.o
LOAD ./Drivers/STM32F1xx_HAL_Driver/Src/stm32f1xx_hal_tim.o
LOAD ./Drivers/STM32F1xx_HAL_Driver/Src/stm32f1xx_hal_tim_ex.o
LOAD ./Drivers/STM32F1xx_HAL_Driver/Src/stm32f1xx_hal_uart.o
LOAD ./Middlewares/Third_Party/FreeRTOS/Source/CMSIS_RTOS/cmsis_os.o
LOAD ./Middlewares/Third_Party/FreeRTOS/Source/croutine.o
LOAD ./Middlewares/Third_Party/FreeRTOS/Source/event_groups.o
LOAD ./Middlewares/Third_Party/FreeRTOS/Source/list.o
LOAD ./Middlewares/Third_Party/FreeRTOS/Source/queue.o
LOAD ./Middlewares/Third_Party/FreeRTOS/Source/stream_buffer.o
LOAD ./Middlewares/Third_Party/FreeRTOS/Source/tasks.o
LOAD ./Middlewares/Third_Party/FreeRTOS/Source/timers.o
LOAD ./Middlewares/Third_Party/FreeRTOS/Source/portable/GCC/ARM_CM3/port.o
LOAD ./Middlewares/Third_Party/FreeRTOS/Source/portable/MemMang/heap_4.o
START GROUP
LOAD D:/ST/STM32CubeIDE_1.7.0/STM32CubeIDE/plugins/com.st.stm32cube.ide.mcu.externaltools.gnu-tools-for-stm32.11.3.rel1.win32_1.1.100.202309141235/tools/bin/../lib/gcc/arm-none-eabi/11.3.1/../../../../arm-none-eabi/lib/thumb/v7-m/nofp\libc_nano.a
LOAD D:/ST/STM32CubeIDE_1.7.0/STM32CubeIDE/plugins/com.st.stm32cube.ide.mcu.externaltools.gnu-tools-for-stm32.11.3.rel1.win32_1.1.100.202309141235/tools/bin/../lib/gcc/arm-none-eabi/11.3.1/../../../../arm-none-eabi/lib/thumb/v7-m/nofp\libm.a
END GROUP
START GROUP
LOAD D:/ST/STM32CubeIDE_1.7.0/STM32CubeIDE/plugins/com.st.stm32cube.ide.mcu.externaltools.gnu-tools-for-stm32.11.3.rel1.win32_1.1.100.202309141235/tools/bin/../lib/gcc/arm-none-eabi/11.3.1/thumb/v7-m/nofp\libgcc.a
LOAD D:/ST/STM32CubeIDE_1.7.0/STM32CubeIDE/plugins/com.st.stm32cube.ide.mcu.externaltools.gnu-tools-for-stm32.11.3.rel1.win32_1.1.100.202309141235/tools/bin/../lib/gcc/arm-none-eabi/11.3.1/../../../../arm-none-eabi/lib/thumb/v7-m/nofp\libc_nano.a
END GROUP
START GROUP
LOAD D:/ST/STM32CubeIDE_1.7.0/STM32CubeIDE/plugins/com.st.stm32cube.ide.mcu.externaltools.gnu-tools-for-stm32.11.3.rel1.win32_1.1.100.202309141235/tools/bin/../lib/gcc/arm-none-eabi/11.3.1/thumb/v7-m/nofp\libgcc.a
LOAD D:/ST/STM32CubeIDE_1.7.0/STM32CubeIDE/plugins/com.st.stm32cube.ide.mcu.externaltools.gnu-tools-for-stm32.11.3.rel1.win32_1.1.100.202309141235/tools/bin/../lib/gcc/arm-none-eabi/11.3.1/../../../../arm-none-eabi/lib/thumb/v7-m/nofp\libc_nano.a
LOAD D:/ST/STM32CubeIDE_1.7.0/STM32CubeIDE/plugins/com.st.stm32cube.ide.mcu.externaltools.gnu-tools-for-stm32.11.3.rel1.win32_1.1.100.202309141235/tools/bin/../lib/gcc/arm-none-eabi/11.3.1/../../../../arm-none-eabi/lib/thumb/v7-m/nofp\libnosys.a
END GROUP
START GROUP
LOAD D:/ST/STM32CubeIDE_1.7.0/STM32CubeIDE/plugins/com.st.stm32cube.ide.mcu.externaltools.gnu-tools-for-stm32.11.3.rel1.win32_1.1.100.202309141235/tools/bin/../lib/gcc/arm-none-eabi/11.3.1/thumb/v7-m/nofp\libgcc.a
LOAD D:/ST/STM32CubeIDE_1.7.0/STM32CubeIDE/plugins/com.st.stm32cube.ide.mcu.externaltools.gnu-tools-for-stm32.11.3.rel1.win32_1.1.100.202309141235/tools/bin/../lib/gcc/arm-none-eabi/11.3.1/../../../../arm-none-eabi/lib/thumb/v7-m/nofp\libc_nano.a
LOAD D:/ST/STM32CubeIDE_1.7.0/STM32CubeIDE/plugins/com.st.stm32cube.ide.mcu.externaltools.gnu-tools-for-stm32.11.3.rel1.win32_1.1.100.202309141235/tools/bin/../lib/gcc/arm-none-eabi/11.3.1/../../../../arm-none-eabi/lib/thumb/v7-m/nofp\libnosys.a
END GROUP
LOAD D:/ST/STM32CubeIDE_1.7.0/STM32CubeIDE/plugins/com.st.stm32cube.ide.mcu.externaltools.gnu-tools-for-stm32.11.3.rel1.win32_1.1.100.202309141235/tools/bin/../lib/gcc/arm-none-eabi/11.3.1/thumb/v7-m/nofp/crtend.o
LOAD D:/ST/STM32CubeIDE_1.7.0/STM32CubeIDE/plugins/com.st.stm32cube.ide.mcu.externaltools.gnu-tools-for-stm32.11.3.rel1.win32_1.1.100.202309141235/tools/bin/../lib/gcc/arm-none-eabi/11.3.1/thumb/v7-m/nofp/crtn.o
                0x0000000020005000                _estack = (ORIGIN (RAM) + LENGTH (RAM))
                0x0000000000000200                _Min_Heap_Size = 0x200
                0x0000000000000400                _Min_Stack_Size = 0x400

.isr_vector     0x0000000008000000      0x10c
                0x0000000008000000                . = ALIGN (0x4)
 *(.isr_vector)
 .isr_vector    0x0000000008000000      0x10c ./Core/Startup/startup_stm32f103c8tx.o
                0x0000000008000000                g_pfnVectors
                0x000000000800010c                . = ALIGN (0x4)

.text           0x0000000008000110     0xc0c4
                0x0000000008000110                . = ALIGN (0x4)
 *(.text)
 .text          0x0000000008000110       0x40 D:/ST/STM32CubeIDE_1.7.0/STM32CubeIDE/plugins/com.st.stm32cube.ide.mcu.externaltools.gnu-tools-for-stm32.11.3.rel1.win32_1.1.100.202309141235/tools/bin/../lib/gcc/arm-none-eabi/11.3.1/thumb/v7-m/nofp/crtbegin.o
 .text          0x0000000008000150       0x14 D:/ST/STM32CubeIDE_1.7.0/STM32CubeIDE/plugins/com.st.stm32cube.ide.mcu.externaltools.gnu-tools-for-stm32.11.3.rel1.win32_1.1.100.202309141235/tools/bin/../lib/gcc/arm-none-eabi/11.3.1/../../../../arm-none-eabi/lib/thumb/v7-m/nofp\libc_nano.a(libc_a-strcmp.o)
                0x0000000008000150                strcmp
 .text          0x0000000008000164       0x10 D:/ST/STM32CubeIDE_1.7.0/STM32CubeIDE/plugins/com.st.stm32cube.ide.mcu.externaltools.gnu-tools-for-stm32.11.3.rel1.win32_1.1.100.202309141235/tools/bin/../lib/gcc/arm-none-eabi/11.3.1/../../../../arm-none-eabi/lib/thumb/v7-m/nofp\libc_nano.a(libc_a-strlen.o)
                0x0000000008000164                strlen
 .text          0x0000000008000174      0x378 D:/ST/STM32CubeIDE_1.7.0/STM32CubeIDE/plugins/com.st.stm32cube.ide.mcu.externaltools.gnu-tools-for-stm32.11.3.rel1.win32_1.1.100.202309141235/tools/bin/../lib/gcc/arm-none-eabi/11.3.1/thumb/v7-m/nofp\libgcc.a(_arm_addsubdf3.o)
                0x0000000008000174                __aeabi_drsub
                0x000000000800017c                __aeabi_dsub
                0x000000000800017c                __subdf3
                0x0000000008000180                __aeabi_dadd
                0x0000000008000180                __adddf3
                0x00000000080003f8                __floatunsidf
                0x00000000080003f8                __aeabi_ui2d
                0x0000000008000418                __floatsidf
                0x0000000008000418                __aeabi_i2d
                0x000000000800043c                __aeabi_f2d
                0x000000000800043c                __extendsfdf2
                0x0000000008000480                __floatundidf
                0x0000000008000480                __aeabi_ul2d
                0x0000000008000490                __floatdidf
                0x0000000008000490                __aeabi_l2d
 .text          0x00000000080004ec      0x424 D:/ST/STM32CubeIDE_1.7.0/STM32CubeIDE/plugins/com.st.stm32cube.ide.mcu.externaltools.gnu-tools-for-stm32.11.3.rel1.win32_1.1.100.202309141235/tools/bin/../lib/gcc/arm-none-eabi/11.3.1/thumb/v7-m/nofp\libgcc.a(_arm_muldivdf3.o)
                0x00000000080004ec                __aeabi_dmul
                0x00000000080004ec                __muldf3
                0x0000000008000740                __divdf3
                0x0000000008000740                __aeabi_ddiv
 .text          0x0000000008000910      0x110 D:/ST/STM32CubeIDE_1.7.0/STM32CubeIDE/plugins/com.st.stm32cube.ide.mcu.externaltools.gnu-tools-for-stm32.11.3.rel1.win32_1.1.100.202309141235/tools/bin/../lib/gcc/arm-none-eabi/11.3.1/thumb/v7-m/nofp\libgcc.a(_arm_cmpdf2.o)
                0x0000000008000910                __gtdf2
                0x0000000008000910                __gedf2
                0x0000000008000918                __ltdf2
                0x0000000008000918                __ledf2
                0x0000000008000920                __nedf2
                0x0000000008000920                __eqdf2
                0x0000000008000920                __cmpdf2
                0x000000000800099c                __aeabi_cdrcmple
                0x00000000080009ac                __aeabi_cdcmpeq
                0x00000000080009ac                __aeabi_cdcmple
                0x00000000080009bc                __aeabi_dcmpeq
                0x00000000080009d0                __aeabi_dcmplt
                0x00000000080009e4                __aeabi_dcmple
                0x00000000080009f8                __aeabi_dcmpge
                0x0000000008000a0c                __aeabi_dcmpgt
 .text          0x0000000008000a20       0x2c D:/ST/STM32CubeIDE_1.7.0/STM32CubeIDE/plugins/com.st.stm32cube.ide.mcu.externaltools.gnu-tools-for-stm32.11.3.rel1.win32_1.1.100.202309141235/tools/bin/../lib/gcc/arm-none-eabi/11.3.1/thumb/v7-m/nofp\libgcc.a(_arm_unorddf2.o)
                0x0000000008000a20                __unorddf2
                0x0000000008000a20                __aeabi_dcmpun
 .text          0x0000000008000a4c       0x50 D:/ST/STM32CubeIDE_1.7.0/STM32CubeIDE/plugins/com.st.stm32cube.ide.mcu.externaltools.gnu-tools-for-stm32.11.3.rel1.win32_1.1.100.202309141235/tools/bin/../lib/gcc/arm-none-eabi/11.3.1/thumb/v7-m/nofp\libgcc.a(_arm_fixdfsi.o)
                0x0000000008000a4c                __aeabi_d2iz
                0x0000000008000a4c                __fixdfsi
 .text          0x0000000008000a9c       0x40 D:/ST/STM32CubeIDE_1.7.0/STM32CubeIDE/plugins/com.st.stm32cube.ide.mcu.externaltools.gnu-tools-for-stm32.11.3.rel1.win32_1.1.100.202309141235/tools/bin/../lib/gcc/arm-none-eabi/11.3.1/thumb/v7-m/nofp\libgcc.a(_arm_fixunsdfsi.o)
                0x0000000008000a9c                __aeabi_d2uiz
                0x0000000008000a9c                __fixunsdfsi
 .text          0x0000000008000adc       0xa0 D:/ST/STM32CubeIDE_1.7.0/STM32CubeIDE/plugins/com.st.stm32cube.ide.mcu.externaltools.gnu-tools-for-stm32.11.3.rel1.win32_1.1.100.202309141235/tools/bin/../lib/gcc/arm-none-eabi/11.3.1/thumb/v7-m/nofp\libgcc.a(_arm_truncdfsf2.o)
                0x0000000008000adc                __truncdfsf2
                0x0000000008000adc                __aeabi_d2f
 .text          0x0000000008000b7c      0x21c D:/ST/STM32CubeIDE_1.7.0/STM32CubeIDE/plugins/com.st.stm32cube.ide.mcu.externaltools.gnu-tools-for-stm32.11.3.rel1.win32_1.1.100.202309141235/tools/bin/../lib/gcc/arm-none-eabi/11.3.1/thumb/v7-m/nofp\libgcc.a(_arm_addsubsf3.o)
                0x0000000008000b7c                __aeabi_frsub
                0x0000000008000b84                __subsf3
                0x0000000008000b84                __aeabi_fsub
                0x0000000008000b88                __aeabi_fadd
                0x0000000008000b88                __addsf3
                0x0000000008000ce8                __aeabi_ui2f
                0x0000000008000ce8                __floatunsisf
                0x0000000008000cf0                __aeabi_i2f
                0x0000000008000cf0                __floatsisf
                0x0000000008000d0c                __aeabi_ul2f
                0x0000000008000d0c                __floatundisf
                0x0000000008000d1c                __aeabi_l2f
                0x0000000008000d1c                __floatdisf
 .text          0x0000000008000d98      0x2a0 D:/ST/STM32CubeIDE_1.7.0/STM32CubeIDE/plugins/com.st.stm32cube.ide.mcu.externaltools.gnu-tools-for-stm32.11.3.rel1.win32_1.1.100.202309141235/tools/bin/../lib/gcc/arm-none-eabi/11.3.1/thumb/v7-m/nofp\libgcc.a(_arm_muldivsf3.o)
                0x0000000008000d98                __mulsf3
                0x0000000008000d98                __aeabi_fmul
                0x0000000008000f00                __aeabi_fdiv
                0x0000000008000f00                __divsf3
 .text          0x0000000008001038       0xec D:/ST/STM32CubeIDE_1.7.0/STM32CubeIDE/plugins/com.st.stm32cube.ide.mcu.externaltools.gnu-tools-for-stm32.11.3.rel1.win32_1.1.100.202309141235/tools/bin/../lib/gcc/arm-none-eabi/11.3.1/thumb/v7-m/nofp\libgcc.a(_arm_cmpsf2.o)
                0x0000000008001038                __gesf2
                0x0000000008001038                __gtsf2
                0x0000000008001040                __lesf2
                0x0000000008001040                __ltsf2
                0x0000000008001048                __nesf2
                0x0000000008001048                __eqsf2
                0x0000000008001048                __cmpsf2
                0x00000000080010a8                __aeabi_cfrcmple
                0x00000000080010b0                __aeabi_cfcmpeq
                0x00000000080010b0                __aeabi_cfcmple
                0x00000000080010c0                __aeabi_fcmpeq
                0x00000000080010d4                __aeabi_fcmplt
                0x00000000080010e8                __aeabi_fcmple
                0x00000000080010fc                __aeabi_fcmpge
                0x0000000008001110                __aeabi_fcmpgt
 .text          0x0000000008001124       0x34 D:/ST/STM32CubeIDE_1.7.0/STM32CubeIDE/plugins/com.st.stm32cube.ide.mcu.externaltools.gnu-tools-for-stm32.11.3.rel1.win32_1.1.100.202309141235/tools/bin/../lib/gcc/arm-none-eabi/11.3.1/thumb/v7-m/nofp\libgcc.a(_fixdfdi.o)
                0x0000000008001124                __fixdfdi
                0x0000000008001124                __aeabi_d2lz
 .text          0x0000000008001158       0x3c D:/ST/STM32CubeIDE_1.7.0/STM32CubeIDE/plugins/com.st.stm32cube.ide.mcu.externaltools.gnu-tools-for-stm32.11.3.rel1.win32_1.1.100.202309141235/tools/bin/../lib/gcc/arm-none-eabi/11.3.1/thumb/v7-m/nofp\libgcc.a(_fixunsdfdi.o)
                0x0000000008001158                __fixunsdfdi
                0x0000000008001158                __aeabi_d2ulz
 *(.text*)
 .text.I2Cx_ReadData16
                0x0000000008001194       0x28 ./Core/Src/BME280.o
 .text.BME280_WriteReg
                0x00000000080011bc       0x2c ./Core/Src/BME280.o
                0x00000000080011bc                BME280_WriteReg
 .text.BME280_ReadReg
                0x00000000080011e8       0x34 ./Core/Src/BME280.o
                0x00000000080011e8                BME280_ReadReg
 .text.BME280_ReadReg_U16
                0x000000000800121c        0xe ./Core/Src/BME280.o
                0x000000000800121c                BME280_ReadReg_U16
 .text.BME280_ReadReg_S16
                0x000000000800122a        0xe ./Core/Src/BME280.o
                0x000000000800122a                BME280_ReadReg_S16
 .text.BME280_ReadReg_BE_U24
                0x0000000008001238       0x3c ./Core/Src/BME280.o
                0x0000000008001238                BME280_ReadReg_BE_U24
 .text.BME280_ReadStatus
                0x0000000008001274        0xe ./Core/Src/BME280.o
                0x0000000008001274                BME280_ReadStatus
 *fill*         0x0000000008001282        0x2 
 .text.BME280_ReadCoefficients
                0x0000000008001284       0xd0 ./Core/Src/BME280.o
                0x0000000008001284                BME280_ReadCoefficients
 .text.BME280_SetStandby
                0x0000000008001354       0x1c ./Core/Src/BME280.o
                0x0000000008001354                BME280_SetStandby
 .text.BME280_SetFilter
                0x0000000008001370       0x1c ./Core/Src/BME280.o
                0x0000000008001370                BME280_SetFilter
 .text.BME280_SetOversamplingTemper
                0x000000000800138c       0x1c ./Core/Src/BME280.o
                0x000000000800138c                BME280_SetOversamplingTemper
 .text.BME280_SetOversamplingPressure
                0x00000000080013a8       0x1c ./Core/Src/BME280.o
                0x00000000080013a8                BME280_SetOversamplingPressure
 .text.BME280_SetOversamplingHum
                0x00000000080013c4       0x2a ./Core/Src/BME280.o
                0x00000000080013c4                BME280_SetOversamplingHum
 .text.BME280_SetMode
                0x00000000080013ee       0x1c ./Core/Src/BME280.o
                0x00000000080013ee                BME280_SetMode
 *fill*         0x000000000800140a        0x2 
 .text.BME280_ReadTemperature
                0x000000000800140c       0x60 ./Core/Src/BME280.o
                0x000000000800140c                BME280_ReadTemperature
 *fill*         0x000000000800146c        0x4 
 .text.BME280_ReadPressure
                0x0000000008001470      0x274 ./Core/Src/BME280.o
                0x0000000008001470                BME280_ReadPressure
 .text.BME280_Init
                0x00000000080016e4       0x3e ./Core/Src/BME280.o
                0x00000000080016e4                BME280_Init
 *fill*         0x0000000008001722        0x2 
 .text.display_Init
                0x0000000008001724       0x1c ./Core/Src/display.o
                0x0000000008001724                display_Init
 .text.display_start_screen
                0x0000000008001740      0x118 ./Core/Src/display.o
                0x0000000008001740                display_start_screen
 .text.display_menu_screen
                0x0000000008001858       0xbc ./Core/Src/display.o
                0x0000000008001858                display_menu_screen
 .text.display_setings_screen
                0x0000000008001914      0x108 ./Core/Src/display.o
                0x0000000008001914                display_setings_screen
 .text.display_seting_data_screen
                0x0000000008001a1c       0xb4 ./Core/Src/display.o
                0x0000000008001a1c                display_seting_data_screen
 .text.display_seting_time_screen
                0x0000000008001ad0       0xb4 ./Core/Src/display.o
                0x0000000008001ad0                display_seting_time_screen
 .text.display_seting_GPS_screen
                0x0000000008001b84       0x3c ./Core/Src/display.o
                0x0000000008001b84                display_seting_GPS_screen
 .text.display_handle
                0x0000000008001bc0       0x48 ./Core/Src/display.o
                0x0000000008001bc0                display_handle
 .text.button_has_clicks
                0x0000000008001c08       0x14 ./Core/Src/encoder.o
                0x0000000008001c08                button_has_clicks
 .text.button_is_holding
                0x0000000008001c1c       0x14 ./Core/Src/encoder.o
                0x0000000008001c1c                button_is_holding
 .text.button_is_click
                0x0000000008001c30       0x20 ./Core/Src/encoder.o
                0x0000000008001c30                button_is_click
 .text.encoder_init
                0x0000000008001c50       0x58 ./Core/Src/encoder.o
                0x0000000008001c50                encoder_init
 .text.button_timer_tick
                0x0000000008001ca8       0x10 ./Core/Src/encoder.o
                0x0000000008001ca8                button_timer_tick
 .text.encoder_handling
                0x0000000008001cb8      0x178 ./Core/Src/encoder.o
                0x0000000008001cb8                encoder_handling
 .text.keyboard_handling
                0x0000000008001e30      0x138 ./Core/Src/encoder.o
                0x0000000008001e30                keyboard_handling
 .text.StartDefaultTask
                0x0000000008001f68        0xc ./Core/Src/freertos.o
                0x0000000008001f68                StartDefaultTask
 .text.StartdispleyTask
                0x0000000008001f74       0x16 ./Core/Src/freertos.o
                0x0000000008001f74                StartdispleyTask
 .text.StartencodetTask
                0x0000000008001f8a       0x18 ./Core/Src/freertos.o
                0x0000000008001f8a                StartencodetTask
 *fill*         0x0000000008001fa2        0x2 
 .text.StartGPSTask
                0x0000000008001fa4       0x58 ./Core/Src/freertos.o
                0x0000000008001fa4                StartGPSTask
 .text.StartRTCTask
                0x0000000008001ffc       0x14 ./Core/Src/freertos.o
                0x0000000008001ffc                StartRTCTask
 .text.StartUARTTask
                0x0000000008002010       0x10 ./Core/Src/freertos.o
                0x0000000008002010                StartUARTTask
 .text.StartSensorTask
                0x0000000008002020       0x16 ./Core/Src/freertos.o
                0x0000000008002020                StartSensorTask
 *fill*         0x0000000008002036        0x2 
 .text.vApplicationGetIdleTaskMemory
                0x0000000008002038       0x18 ./Core/Src/freertos.o
                0x0000000008002038                vApplicationGetIdleTaskMemory
 .text.MX_FREERTOS_Init
                0x0000000008002050      0x124 ./Core/Src/freertos.o
                0x0000000008002050                MX_FREERTOS_Init
 .text.MX_GPIO_Init
                0x0000000008002174       0x9c ./Core/Src/gpio.o
                0x0000000008002174                MX_GPIO_Init
 .text.MX_I2C1_Init
                0x0000000008002210       0x3c ./Core/Src/i2c.o
                0x0000000008002210                MX_I2C1_Init
 .text.MX_I2C2_Init
                0x000000000800224c       0x3c ./Core/Src/i2c.o
                0x000000000800224c                MX_I2C2_Init
 .text.HAL_I2C_MspInit
                0x0000000008002288       0xcc ./Core/Src/i2c.o
                0x0000000008002288                HAL_I2C_MspInit
 .text.SystemClock_Config
                0x0000000008002354       0x62 ./Core/Src/main.o
                0x0000000008002354                SystemClock_Config
 .text.main     0x00000000080023b6       0x2c ./Core/Src/main.o
                0x00000000080023b6                main
 *fill*         0x00000000080023e2        0x2 
 .text.HAL_TIM_PeriodElapsedCallback
                0x00000000080023e4       0x24 ./Core/Src/main.o
                0x00000000080023e4                HAL_TIM_PeriodElapsedCallback
 .text.Error_Handler
                0x0000000008002408        0x4 ./Core/Src/main.o
                0x0000000008002408                Error_Handler
 .text.rtc_Init
                0x000000000800240c       0x24 ./Core/Src/rtc.o
                0x000000000800240c                rtc_Init
 .text.rtc_SetTimeData
                0x0000000008002430       0x98 ./Core/Src/rtc.o
                0x0000000008002430                rtc_SetTimeData
 .text.rtc_InstalDataEncoder
                0x00000000080024c8      0x118 ./Core/Src/rtc.o
                0x00000000080024c8                rtc_InstalDataEncoder
 .text.rtc_InstalTimeEncoder
                0x00000000080025e0       0xdc ./Core/Src/rtc.o
                0x00000000080025e0                rtc_InstalTimeEncoder
 .text.rtc_handle
                0x00000000080026bc       0x50 ./Core/Src/rtc.o
                0x00000000080026bc                rtc_handle
 .text.sensors_Init
                0x000000000800270c       0x18 ./Core/Src/sensors.o
                0x000000000800270c                sensors_Init
 .text.sensors_Handle
                0x0000000008002724       0x18 ./Core/Src/sensors.o
                0x0000000008002724                sensors_Handle
 .text.HAL_MspInit
                0x000000000800273c       0x54 ./Core/Src/stm32f1xx_hal_msp.o
                0x000000000800273c                HAL_MspInit
 .text.HAL_InitTick
                0x0000000008002790       0x7c ./Core/Src/stm32f1xx_hal_timebase_tim.o
                0x0000000008002790                HAL_InitTick
 .text.NMI_Handler
                0x000000000800280c        0x2 ./Core/Src/stm32f1xx_it.o
                0x000000000800280c                NMI_Handler
 .text.HardFault_Handler
                0x000000000800280e        0x2 ./Core/Src/stm32f1xx_it.o
                0x000000000800280e                HardFault_Handler
 .text.MemManage_Handler
                0x0000000008002810        0x2 ./Core/Src/stm32f1xx_it.o
                0x0000000008002810                MemManage_Handler
 .text.BusFault_Handler
                0x0000000008002812        0x2 ./Core/Src/stm32f1xx_it.o
                0x0000000008002812                BusFault_Handler
 .text.UsageFault_Handler
                0x0000000008002814        0x2 ./Core/Src/stm32f1xx_it.o
                0x0000000008002814                UsageFault_Handler
 .text.DebugMon_Handler
                0x0000000008002816        0x2 ./Core/Src/stm32f1xx_it.o
                0x0000000008002816                DebugMon_Handler
 .text.TIM4_IRQHandler
                0x0000000008002818       0x10 ./Core/Src/stm32f1xx_it.o
                0x0000000008002818                TIM4_IRQHandler
 .text.I2C1_EV_IRQHandler
                0x0000000008002828       0x10 ./Core/Src/stm32f1xx_it.o
                0x0000000008002828                I2C1_EV_IRQHandler
 .text.I2C1_ER_IRQHandler
                0x0000000008002838       0x10 ./Core/Src/stm32f1xx_it.o
                0x0000000008002838                I2C1_ER_IRQHandler
 .text.USART1_IRQHandler
                0x0000000008002848       0x10 ./Core/Src/stm32f1xx_it.o
                0x0000000008002848                USART1_IRQHandler
 .text._getpid  0x0000000008002858        0x4 ./Core/Src/syscalls.o
                0x0000000008002858                _getpid
 .text._kill    0x000000000800285c       0x10 ./Core/Src/syscalls.o
                0x000000000800285c                _kill
 .text._exit    0x000000000800286c        0xc ./Core/Src/syscalls.o
                0x000000000800286c                _exit
 .text._read    0x0000000008002878       0x1a ./Core/Src/syscalls.o
                0x0000000008002878                _read
 .text._write   0x0000000008002892       0x1a ./Core/Src/syscalls.o
                0x0000000008002892                _write
 .text._close   0x00000000080028ac        0x6 ./Core/Src/syscalls.o
                0x00000000080028ac                _close
 .text._fstat   0x00000000080028b2        0xa ./Core/Src/syscalls.o
                0x00000000080028b2                _fstat
 .text._isatty  0x00000000080028bc        0x4 ./Core/Src/syscalls.o
                0x00000000080028bc                _isatty
 .text._lseek   0x00000000080028c0        0x4 ./Core/Src/syscalls.o
                0x00000000080028c0                _lseek
 .text._sbrk    0x00000000080028c4       0x48 ./Core/Src/sysmem.o
                0x00000000080028c4                _sbrk
 .text.SystemInit
                0x000000000800290c        0x2 ./Core/Src/system_stm32f1xx.o
                0x000000000800290c                SystemInit
 *fill*         0x000000000800290e        0x2 
 .text.MX_TIM3_Init
                0x0000000008002910       0x68 ./Core/Src/tim.o
                0x0000000008002910                MX_TIM3_Init
 .text.HAL_TIM_Encoder_MspInit
                0x0000000008002978       0x6c ./Core/Src/tim.o
                0x0000000008002978                HAL_TIM_Encoder_MspInit
 .text.uart_pc_handle
                0x00000000080029e4       0x68 ./Core/Src/uart_pc.o
                0x00000000080029e4                uart_pc_handle
 .text.MX_USART1_UART_Init
                0x0000000008002a4c       0x34 ./Core/Src/usart.o
                0x0000000008002a4c                MX_USART1_UART_Init
 .text.MX_USART2_UART_Init
                0x0000000008002a80       0x34 ./Core/Src/usart.o
                0x0000000008002a80                MX_USART2_UART_Init
 .text.HAL_UART_MspInit
                0x0000000008002ab4       0xe4 ./Core/Src/usart.o
                0x0000000008002ab4                HAL_UART_MspInit
 .text.Reset_Handler
                0x0000000008002b98       0x48 ./Core/Startup/startup_stm32f103c8tx.o
                0x0000000008002b98                Reset_Handler
 .text.Default_Handler
                0x0000000008002be0        0x2 ./Core/Startup/startup_stm32f103c8tx.o
                0x0000000008002be0                RTC_Alarm_IRQHandler
                0x0000000008002be0                EXTI2_IRQHandler
                0x0000000008002be0                TIM1_CC_IRQHandler
                0x0000000008002be0                PVD_IRQHandler
                0x0000000008002be0                EXTI3_IRQHandler
                0x0000000008002be0                EXTI0_IRQHandler
                0x0000000008002be0                I2C2_EV_IRQHandler
                0x0000000008002be0                ADC1_2_IRQHandler
                0x0000000008002be0                SPI1_IRQHandler
                0x0000000008002be0                TAMPER_IRQHandler
                0x0000000008002be0                DMA1_Channel4_IRQHandler
                0x0000000008002be0                USART3_IRQHandler
                0x0000000008002be0                RTC_IRQHandler
                0x0000000008002be0                DMA1_Channel7_IRQHandler
                0x0000000008002be0                CAN1_RX1_IRQHandler
                0x0000000008002be0                DMA1_Channel6_IRQHandler
                0x0000000008002be0                TIM3_IRQHandler
                0x0000000008002be0                RCC_IRQHandler
                0x0000000008002be0                TIM1_TRG_COM_IRQHandler
                0x0000000008002be0                DMA1_Channel1_IRQHandler
                0x0000000008002be0                Default_Handler
                0x0000000008002be0                EXTI15_10_IRQHandler
                0x0000000008002be0                EXTI9_5_IRQHandler
                0x0000000008002be0                SPI2_IRQHandler
                0x0000000008002be0                DMA1_Channel5_IRQHandler
                0x0000000008002be0                EXTI4_IRQHandler
                0x0000000008002be0                USB_LP_CAN1_RX0_IRQHandler
                0x0000000008002be0                USB_HP_CAN1_TX_IRQHandler
                0x0000000008002be0                DMA1_Channel3_IRQHandler
                0x0000000008002be0                TIM1_UP_IRQHandler
                0x0000000008002be0                WWDG_IRQHandler
                0x0000000008002be0                TIM2_IRQHandler
                0x0000000008002be0                TIM1_BRK_IRQHandler
                0x0000000008002be0                EXTI1_IRQHandler
                0x0000000008002be0                USART2_IRQHandler
                0x0000000008002be0                I2C2_ER_IRQHandler
                0x0000000008002be0                DMA1_Channel2_IRQHandler
                0x0000000008002be0                CAN1_SCE_IRQHandler
                0x0000000008002be0                FLASH_IRQHandler
                0x0000000008002be0                USBWakeUp_IRQHandler
 *fill*         0x0000000008002be2        0x2 
 .text.DS1307_SetRegByte
                0x0000000008002be4       0x2c ./Core/ds1307/ds1307_for_stm32_hal.o
                0x0000000008002be4                DS1307_SetRegByte
 .text.DS1307_GetRegByte
                0x0000000008002c10       0x3c ./Core/ds1307/ds1307_for_stm32_hal.o
                0x0000000008002c10                DS1307_GetRegByte
 .text.DS1307_SetClockHalt
                0x0000000008002c4c       0x20 ./Core/ds1307/ds1307_for_stm32_hal.o
                0x0000000008002c4c                DS1307_SetClockHalt
 .text.DS1307_Init
                0x0000000008002c6c       0x14 ./Core/ds1307/ds1307_for_stm32_hal.o
                0x0000000008002c6c                DS1307_Init
 .text.DS1307_GetClockHalt
                0x0000000008002c80        0xe ./Core/ds1307/ds1307_for_stm32_hal.o
                0x0000000008002c80                DS1307_GetClockHalt
 .text.DS1307_DecodeBCD
                0x0000000008002c8e       0x12 ./Core/ds1307/ds1307_for_stm32_hal.o
                0x0000000008002c8e                DS1307_DecodeBCD
 .text.DS1307_GetDate
                0x0000000008002ca0        0xe ./Core/ds1307/ds1307_for_stm32_hal.o
                0x0000000008002ca0                DS1307_GetDate
 .text.DS1307_GetMonth
                0x0000000008002cae        0xe ./Core/ds1307/ds1307_for_stm32_hal.o
                0x0000000008002cae                DS1307_GetMonth
 .text.DS1307_GetYear
                0x0000000008002cbc       0x24 ./Core/ds1307/ds1307_for_stm32_hal.o
                0x0000000008002cbc                DS1307_GetYear
 .text.DS1307_GetHour
                0x0000000008002ce0       0x12 ./Core/ds1307/ds1307_for_stm32_hal.o
                0x0000000008002ce0                DS1307_GetHour
 .text.DS1307_GetMinute
                0x0000000008002cf2        0xe ./Core/ds1307/ds1307_for_stm32_hal.o
                0x0000000008002cf2                DS1307_GetMinute
 .text.DS1307_GetSecond
                0x0000000008002d00       0x12 ./Core/ds1307/ds1307_for_stm32_hal.o
                0x0000000008002d00                DS1307_GetSecond
 *fill*         0x0000000008002d12        0x2 
 .text.DS1307_EncodeBCD
                0x0000000008002d14       0x1c ./Core/ds1307/ds1307_for_stm32_hal.o
                0x0000000008002d14                DS1307_EncodeBCD
 .text.DS1307_SetDate
                0x0000000008002d30       0x10 ./Core/ds1307/ds1307_for_stm32_hal.o
                0x0000000008002d30                DS1307_SetDate
 .text.DS1307_SetMonth
                0x0000000008002d40       0x10 ./Core/ds1307/ds1307_for_stm32_hal.o
                0x0000000008002d40                DS1307_SetMonth
 .text.DS1307_SetYear
                0x0000000008002d50       0x30 ./Core/ds1307/ds1307_for_stm32_hal.o
                0x0000000008002d50                DS1307_SetYear
 .text.DS1307_SetHour
                0x0000000008002d80       0x14 ./Core/ds1307/ds1307_for_stm32_hal.o
                0x0000000008002d80                DS1307_SetHour
 .text.DS1307_SetMinute
                0x0000000008002d94       0x10 ./Core/ds1307/ds1307_for_stm32_hal.o
                0x0000000008002d94                DS1307_SetMinute
 .text.DS1307_SetSecond
                0x0000000008002da4       0x1a ./Core/ds1307/ds1307_for_stm32_hal.o
                0x0000000008002da4                DS1307_SetSecond
 *fill*         0x0000000008002dbe        0x2 
 .text.strtoke  0x0000000008002dc0       0x38 ./Core/gps_neo6/gps_neo6.o
                0x0000000008002dc0                strtoke
 .text.NEO6_GetCharFromBuffer
                0x0000000008002df8       0x28 ./Core/gps_neo6/gps_neo6.o
                0x0000000008002df8                NEO6_GetCharFromBuffer
 .text.NEO6_GetLineFromBuffer
                0x0000000008002e20       0x36 ./Core/gps_neo6/gps_neo6.o
                0x0000000008002e20                NEO6_GetLineFromBuffer
 *fill*         0x0000000008002e56        0x2 
 .text.NEO6_ParseGPRMC
                0x0000000008002e58      0x110 ./Core/gps_neo6/gps_neo6.o
                0x0000000008002e58                NEO6_ParseGPRMC
 .text.NEO6_ParseGPVTG
                0x0000000008002f68       0x64 ./Core/gps_neo6/gps_neo6.o
                0x0000000008002f68                NEO6_ParseGPVTG
 .text.NEO6_ParseGPGGA
                0x0000000008002fcc       0x80 ./Core/gps_neo6/gps_neo6.o
                0x0000000008002fcc                NEO6_ParseGPGGA
 .text.NEO6_ParseGPGSA
                0x000000000800304c       0x84 ./Core/gps_neo6/gps_neo6.o
                0x000000000800304c                NEO6_ParseGPGSA
 .text.NEO6_ParseLine
                0x00000000080030d0       0x6c ./Core/gps_neo6/gps_neo6.o
                0x00000000080030d0                NEO6_ParseLine
 .text.NEO6_Task
                0x000000000800313c       0x18 ./Core/gps_neo6/gps_neo6.o
                0x000000000800313c                NEO6_Task
 .text.NEO6_Init
                0x0000000008003154       0x70 ./Core/gps_neo6/gps_neo6.o
                0x0000000008003154                NEO6_Init
 .text.ssd1306_WriteCommand
                0x00000000080031c4       0x2c ./Core/ssd1306/ssd1306.o
                0x00000000080031c4                ssd1306_WriteCommand
 .text.ssd1306_WriteData
                0x00000000080031f0       0x28 ./Core/ssd1306/ssd1306.o
                0x00000000080031f0                ssd1306_WriteData
 .text.ssd1306_Fill
                0x0000000008003218       0x1c ./Core/ssd1306/ssd1306.o
                0x0000000008003218                ssd1306_Fill
 .text.ssd1306_UpdateScreen
                0x0000000008003234       0x3c ./Core/ssd1306/ssd1306.o
                0x0000000008003234                ssd1306_UpdateScreen
 .text.ssd1306_DrawPixel
                0x0000000008003270       0x4c ./Core/ssd1306/ssd1306.o
                0x0000000008003270                ssd1306_DrawPixel
 .text.ssd1306_WriteChar
                0x00000000080032bc       0xb0 ./Core/ssd1306/ssd1306.o
                0x00000000080032bc                ssd1306_WriteChar
 .text.ssd1306_WriteString
                0x000000000800336c       0x32 ./Core/ssd1306/ssd1306.o
                0x000000000800336c                ssd1306_WriteString
 *fill*         0x000000000800339e        0x2 
 .text.ssd1306_SetCursor
                0x00000000080033a0        0xc ./Core/ssd1306/ssd1306.o
                0x00000000080033a0                ssd1306_SetCursor
 .text.ssd1306_Line
                0x00000000080033ac       0x8a ./Core/ssd1306/ssd1306.o
                0x00000000080033ac                ssd1306_Line
 .text.ssd1306_SetContrast
                0x0000000008003436       0x12 ./Core/ssd1306/ssd1306.o
                0x0000000008003436                ssd1306_SetContrast
 .text.ssd1306_SetDisplayOn
                0x0000000008003448       0x20 ./Core/ssd1306/ssd1306.o
                0x0000000008003448                ssd1306_SetDisplayOn
 .text.ssd1306_Init
                0x0000000008003468       0xc8 ./Core/ssd1306/ssd1306.o
                0x0000000008003468                ssd1306_Init
 .text.HAL_Init
                0x0000000008003530       0x24 ./Drivers/STM32F1xx_HAL_Driver/Src/stm32f1xx_hal.o
                0x0000000008003530                HAL_Init
 .text.HAL_IncTick
                0x0000000008003554       0x18 ./Drivers/STM32F1xx_HAL_Driver/Src/stm32f1xx_hal.o
                0x0000000008003554                HAL_IncTick
 .text.HAL_GetTick
                0x000000000800356c        0xc ./Drivers/STM32F1xx_HAL_Driver/Src/stm32f1xx_hal.o
                0x000000000800356c                HAL_GetTick
 .text.HAL_Delay
                0x0000000008003578       0x28 ./Drivers/STM32F1xx_HAL_Driver/Src/stm32f1xx_hal.o
                0x0000000008003578                HAL_Delay
 .text.HAL_NVIC_SetPriorityGrouping
                0x00000000080035a0       0x24 ./Drivers/STM32F1xx_HAL_Driver/Src/stm32f1xx_hal_cortex.o
                0x00000000080035a0                HAL_NVIC_SetPriorityGrouping
 .text.HAL_NVIC_SetPriority
                0x00000000080035c4       0x6c ./Drivers/STM32F1xx_HAL_Driver/Src/stm32f1xx_hal_cortex.o
                0x00000000080035c4                HAL_NVIC_SetPriority
 .text.HAL_NVIC_EnableIRQ
                0x0000000008003630       0x1c ./Drivers/STM32F1xx_HAL_Driver/Src/stm32f1xx_hal_cortex.o
                0x0000000008003630                HAL_NVIC_EnableIRQ
 .text.HAL_DMA_Abort
                0x000000000800364c       0x42 ./Drivers/STM32F1xx_HAL_Driver/Src/stm32f1xx_hal_dma.o
                0x000000000800364c                HAL_DMA_Abort
 *fill*         0x000000000800368e        0x2 
 .text.HAL_DMA_Abort_IT
                0x0000000008003690       0x98 ./Drivers/STM32F1xx_HAL_Driver/Src/stm32f1xx_hal_dma.o
                0x0000000008003690                HAL_DMA_Abort_IT
 .text.HAL_DMA_GetState
                0x0000000008003728        0x6 ./Drivers/STM32F1xx_HAL_Driver/Src/stm32f1xx_hal_dma.o
                0x0000000008003728                HAL_DMA_GetState
 *fill*         0x000000000800372e        0x2 
 .text.HAL_GPIO_Init
                0x0000000008003730      0x274 ./Drivers/STM32F1xx_HAL_Driver/Src/stm32f1xx_hal_gpio.o
                0x0000000008003730                HAL_GPIO_Init
 .text.HAL_GPIO_WritePin
                0x00000000080039a4        0xc ./Drivers/STM32F1xx_HAL_Driver/Src/stm32f1xx_hal_gpio.o
                0x00000000080039a4                HAL_GPIO_WritePin
 .text.I2C_IsAcknowledgeFailed
                0x00000000080039b0       0x32 ./Drivers/STM32F1xx_HAL_Driver/Src/stm32f1xx_hal_i2c.o
 .text.I2C_WaitOnFlagUntilTimeout
                0x00000000080039e2       0x86 ./Drivers/STM32F1xx_HAL_Driver/Src/stm32f1xx_hal_i2c.o
 .text.I2C_WaitOnMasterAddressFlagUntilTimeout
                0x0000000008003a68       0xba ./Drivers/STM32F1xx_HAL_Driver/Src/stm32f1xx_hal_i2c.o
 .text.I2C_WaitOnTXEFlagUntilTimeout
                0x0000000008003b22       0x5e ./Drivers/STM32F1xx_HAL_Driver/Src/stm32f1xx_hal_i2c.o
 .text.I2C_RequestMemoryWrite
                0x0000000008003b80       0xe0 ./Drivers/STM32F1xx_HAL_Driver/Src/stm32f1xx_hal_i2c.o
 .text.I2C_RequestMemoryRead
                0x0000000008003c60      0x164 ./Drivers/STM32F1xx_HAL_Driver/Src/stm32f1xx_hal_i2c.o
 .text.I2C_WaitOnBTFFlagUntilTimeout
                0x0000000008003dc4       0x5e ./Drivers/STM32F1xx_HAL_Driver/Src/stm32f1xx_hal_i2c.o
 .text.I2C_WaitOnRXNEFlagUntilTimeout
                0x0000000008003e22       0x84 ./Drivers/STM32F1xx_HAL_Driver/Src/stm32f1xx_hal_i2c.o
 *fill*         0x0000000008003ea6        0x2 
 .text.HAL_I2C_Init
                0x0000000008003ea8      0x184 ./Drivers/STM32F1xx_HAL_Driver/Src/stm32f1xx_hal_i2c.o
                0x0000000008003ea8                HAL_I2C_Init
 .text.HAL_I2C_Master_Transmit
                0x000000000800402c      0x208 ./Drivers/STM32F1xx_HAL_Driver/Src/stm32f1xx_hal_i2c.o
                0x000000000800402c                HAL_I2C_Master_Transmit
 .text.HAL_I2C_Master_Receive
                0x0000000008004234      0x444 ./Drivers/STM32F1xx_HAL_Driver/Src/stm32f1xx_hal_i2c.o
                0x0000000008004234                HAL_I2C_Master_Receive
 .text.HAL_I2C_Mem_Write
                0x0000000008004678      0x16c ./Drivers/STM32F1xx_HAL_Driver/Src/stm32f1xx_hal_i2c.o
                0x0000000008004678                HAL_I2C_Mem_Write
 .text.HAL_I2C_Mem_Read
                0x00000000080047e4      0x344 ./Drivers/STM32F1xx_HAL_Driver/Src/stm32f1xx_hal_i2c.o
                0x00000000080047e4                HAL_I2C_Mem_Read
 .text.HAL_I2C_MasterTxCpltCallback
                0x0000000008004b28        0x2 ./Drivers/STM32F1xx_HAL_Driver/Src/stm32f1xx_hal_i2c.o
                0x0000000008004b28                HAL_I2C_MasterTxCpltCallback
 .text.HAL_I2C_MasterRxCpltCallback
                0x0000000008004b2a        0x2 ./Drivers/STM32F1xx_HAL_Driver/Src/stm32f1xx_hal_i2c.o
                0x0000000008004b2a                HAL_I2C_MasterRxCpltCallback
 .text.HAL_I2C_SlaveTxCpltCallback
                0x0000000008004b2c        0x2 ./Drivers/STM32F1xx_HAL_Driver/Src/stm32f1xx_hal_i2c.o
                0x0000000008004b2c                HAL_I2C_SlaveTxCpltCallback
 .text.HAL_I2C_SlaveRxCpltCallback
                0x0000000008004b2e        0x2 ./Drivers/STM32F1xx_HAL_Driver/Src/stm32f1xx_hal_i2c.o
                0x0000000008004b2e                HAL_I2C_SlaveRxCpltCallback
 .text.HAL_I2C_AddrCallback
                0x0000000008004b30        0x2 ./Drivers/STM32F1xx_HAL_Driver/Src/stm32f1xx_hal_i2c.o
                0x0000000008004b30                HAL_I2C_AddrCallback
 .text.HAL_I2C_ListenCpltCallback
                0x0000000008004b32        0x2 ./Drivers/STM32F1xx_HAL_Driver/Src/stm32f1xx_hal_i2c.o
                0x0000000008004b32                HAL_I2C_ListenCpltCallback
 .text.HAL_I2C_MemTxCpltCallback
                0x0000000008004b34        0x2 ./Drivers/STM32F1xx_HAL_Driver/Src/stm32f1xx_hal_i2c.o
                0x0000000008004b34                HAL_I2C_MemTxCpltCallback
 .text.I2C_MemoryTransmit_TXE_BTF
                0x0000000008004b36       0xd0 ./Drivers/STM32F1xx_HAL_Driver/Src/stm32f1xx_hal_i2c.o
 .text.HAL_I2C_MemRxCpltCallback
                0x0000000008004c06        0x2 ./Drivers/STM32F1xx_HAL_Driver/Src/stm32f1xx_hal_i2c.o
                0x0000000008004c06                HAL_I2C_MemRxCpltCallback
 .text.HAL_I2C_ErrorCallback
                0x0000000008004c08        0x2 ./Drivers/STM32F1xx_HAL_Driver/Src/stm32f1xx_hal_i2c.o
                0x0000000008004c08                HAL_I2C_ErrorCallback
 .text.HAL_I2C_AbortCpltCallback
                0x0000000008004c0a        0x2 ./Drivers/STM32F1xx_HAL_Driver/Src/stm32f1xx_hal_i2c.o
                0x0000000008004c0a                HAL_I2C_AbortCpltCallback
 .text.I2C_DMAAbort
                0x0000000008004c0c       0xe4 ./Drivers/STM32F1xx_HAL_Driver/Src/stm32f1xx_hal_i2c.o
 .text.I2C_ITError
                0x0000000008004cf0      0x180 ./Drivers/STM32F1xx_HAL_Driver/Src/stm32f1xx_hal_i2c.o
 .text.HAL_I2C_EV_IRQHandler
                0x0000000008004e70      0xad8 ./Drivers/STM32F1xx_HAL_Driver/Src/stm32f1xx_hal_i2c.o
                0x0000000008004e70                HAL_I2C_EV_IRQHandler
 .text.HAL_I2C_ER_IRQHandler
                0x0000000008005948      0x1b0 ./Drivers/STM32F1xx_HAL_Driver/Src/stm32f1xx_hal_i2c.o
                0x0000000008005948                HAL_I2C_ER_IRQHandler
 .text.HAL_RCC_OscConfig
                0x0000000008005af8      0x42c ./Drivers/STM32F1xx_HAL_Driver/Src/stm32f1xx_hal_rcc.o
                0x0000000008005af8                HAL_RCC_OscConfig
 .text.HAL_RCC_GetSysClockFreq
                0x0000000008005f24       0x54 ./Drivers/STM32F1xx_HAL_Driver/Src/stm32f1xx_hal_rcc.o
                0x0000000008005f24                HAL_RCC_GetSysClockFreq
 .text.HAL_RCC_ClockConfig
                0x0000000008005f78      0x170 ./Drivers/STM32F1xx_HAL_Driver/Src/stm32f1xx_hal_rcc.o
                0x0000000008005f78                HAL_RCC_ClockConfig
 .text.HAL_RCC_GetPCLK1Freq
                0x00000000080060e8       0x20 ./Drivers/STM32F1xx_HAL_Driver/Src/stm32f1xx_hal_rcc.o
                0x00000000080060e8                HAL_RCC_GetPCLK1Freq
 .text.HAL_RCC_GetPCLK2Freq
                0x0000000008006108       0x20 ./Drivers/STM32F1xx_HAL_Driver/Src/stm32f1xx_hal_rcc.o
                0x0000000008006108                HAL_RCC_GetPCLK2Freq
 .text.HAL_RCC_GetClockConfig
                0x0000000008006128       0x3c ./Drivers/STM32F1xx_HAL_Driver/Src/stm32f1xx_hal_rcc.o
                0x0000000008006128                HAL_RCC_GetClockConfig
 .text.HAL_TIM_Base_MspInit
                0x0000000008006164        0x2 ./Drivers/STM32F1xx_HAL_Driver/Src/stm32f1xx_hal_tim.o
                0x0000000008006164                HAL_TIM_Base_MspInit
 *fill*         0x0000000008006166        0x2 
 .text.HAL_TIM_Base_Start_IT
                0x0000000008006168       0x68 ./Drivers/STM32F1xx_HAL_Driver/Src/stm32f1xx_hal_tim.o
                0x0000000008006168                HAL_TIM_Base_Start_IT
 .text.HAL_TIM_OC_DelayElapsedCallback
                0x00000000080061d0        0x2 ./Drivers/STM32F1xx_HAL_Driver/Src/stm32f1xx_hal_tim.o
                0x00000000080061d0                HAL_TIM_OC_DelayElapsedCallback
 .text.HAL_TIM_IC_CaptureCallback
                0x00000000080061d2        0x2 ./Drivers/STM32F1xx_HAL_Driver/Src/stm32f1xx_hal_tim.o
                0x00000000080061d2                HAL_TIM_IC_CaptureCallback
 .text.HAL_TIM_PWM_PulseFinishedCallback
                0x00000000080061d4        0x2 ./Drivers/STM32F1xx_HAL_Driver/Src/stm32f1xx_hal_tim.o
                0x00000000080061d4                HAL_TIM_PWM_PulseFinishedCallback
 .text.HAL_TIM_TriggerCallback
                0x00000000080061d6        0x2 ./Drivers/STM32F1xx_HAL_Driver/Src/stm32f1xx_hal_tim.o
                0x00000000080061d6                HAL_TIM_TriggerCallback
 .text.HAL_TIM_IRQHandler
                0x00000000080061d8      0x17a ./Drivers/STM32F1xx_HAL_Driver/Src/stm32f1xx_hal_tim.o
                0x00000000080061d8                HAL_TIM_IRQHandler
 *fill*         0x0000000008006352        0x2 
 .text.TIM_Base_SetConfig
                0x0000000008006354       0x9c ./Drivers/STM32F1xx_HAL_Driver/Src/stm32f1xx_hal_tim.o
                0x0000000008006354                TIM_Base_SetConfig
 .text.HAL_TIM_Base_Init
                0x00000000080063f0       0x58 ./Drivers/STM32F1xx_HAL_Driver/Src/stm32f1xx_hal_tim.o
                0x00000000080063f0                HAL_TIM_Base_Init
 .text.HAL_TIM_Encoder_Init
                0x0000000008006448       0xb0 ./Drivers/STM32F1xx_HAL_Driver/Src/stm32f1xx_hal_tim.o
                0x0000000008006448                HAL_TIM_Encoder_Init
 .text.TIM_CCxChannelCmd
                0x00000000080064f8       0x1e ./Drivers/STM32F1xx_HAL_Driver/Src/stm32f1xx_hal_tim.o
                0x00000000080064f8                TIM_CCxChannelCmd
 .text.HAL_TIM_Encoder_Start
                0x0000000008006516       0xbc ./Drivers/STM32F1xx_HAL_Driver/Src/stm32f1xx_hal_tim.o
                0x0000000008006516                HAL_TIM_Encoder_Start
 .text.HAL_TIM_Encoder_Start_IT
                0x00000000080065d2       0xe4 ./Drivers/STM32F1xx_HAL_Driver/Src/stm32f1xx_hal_tim.o
                0x00000000080065d2                HAL_TIM_Encoder_Start_IT
 *fill*         0x00000000080066b6        0x2 
 .text.HAL_TIMEx_MasterConfigSynchronization
                0x00000000080066b8       0x68 ./Drivers/STM32F1xx_HAL_Driver/Src/stm32f1xx_hal_tim_ex.o
                0x00000000080066b8                HAL_TIMEx_MasterConfigSynchronization
 .text.HAL_TIMEx_CommutCallback
                0x0000000008006720        0x2 ./Drivers/STM32F1xx_HAL_Driver/Src/stm32f1xx_hal_tim_ex.o
                0x0000000008006720                HAL_TIMEx_CommutCallback
 .text.HAL_TIMEx_BreakCallback
                0x0000000008006722        0x2 ./Drivers/STM32F1xx_HAL_Driver/Src/stm32f1xx_hal_tim_ex.o
                0x0000000008006722                HAL_TIMEx_BreakCallback
 .text.UART_EndRxTransfer
                0x0000000008006724       0x5c ./Drivers/STM32F1xx_HAL_Driver/Src/stm32f1xx_hal_uart.o
 .text.UART_SetConfig
                0x0000000008006780       0x8c ./Drivers/STM32F1xx_HAL_Driver/Src/stm32f1xx_hal_uart.o
 .text.HAL_UART_Init
                0x000000000800680c       0x60 ./Drivers/STM32F1xx_HAL_Driver/Src/stm32f1xx_hal_uart.o
                0x000000000800680c                HAL_UART_Init
 .text.HAL_UART_Transmit_IT
                0x000000000800686c       0x38 ./Drivers/STM32F1xx_HAL_Driver/Src/stm32f1xx_hal_uart.o
                0x000000000800686c                HAL_UART_Transmit_IT
 .text.HAL_UART_TxCpltCallback
                0x00000000080068a4        0x2 ./Drivers/STM32F1xx_HAL_Driver/Src/stm32f1xx_hal_uart.o
                0x00000000080068a4                HAL_UART_TxCpltCallback
 .text.HAL_UART_RxCpltCallback
                0x00000000080068a6        0x2 ./Drivers/STM32F1xx_HAL_Driver/Src/stm32f1xx_hal_uart.o
                0x00000000080068a6                HAL_UART_RxCpltCallback
 .text.HAL_UART_ErrorCallback
                0x00000000080068a8        0x2 ./Drivers/STM32F1xx_HAL_Driver/Src/stm32f1xx_hal_uart.o
                0x00000000080068a8                HAL_UART_ErrorCallback
 .text.UART_DMAAbortOnError
                0x00000000080068aa       0x10 ./Drivers/STM32F1xx_HAL_Driver/Src/stm32f1xx_hal_uart.o
 .text.HAL_UARTEx_RxEventCallback
                0x00000000080068ba        0x2 ./Drivers/STM32F1xx_HAL_Driver/Src/stm32f1xx_hal_uart.o
                0x00000000080068ba                HAL_UARTEx_RxEventCallback
 .text.UART_Receive_IT
                0x00000000080068bc       0xde ./Drivers/STM32F1xx_HAL_Driver/Src/stm32f1xx_hal_uart.o
 *fill*         0x000000000800699a        0x2 
 .text.HAL_UART_IRQHandler
                0x000000000800699c      0x2fc ./Drivers/STM32F1xx_HAL_Driver/Src/stm32f1xx_hal_uart.o
                0x000000000800699c                HAL_UART_IRQHandler
 .text.UART_Start_Receive_IT
                0x0000000008006c98       0x36 ./Drivers/STM32F1xx_HAL_Driver/Src/stm32f1xx_hal_uart.o
                0x0000000008006c98                UART_Start_Receive_IT
 .text.HAL_UART_Receive_IT
                0x0000000008006cce       0x26 ./Drivers/STM32F1xx_HAL_Driver/Src/stm32f1xx_hal_uart.o
                0x0000000008006cce                HAL_UART_Receive_IT
 .text.osKernelStart
                0x0000000008006cf4        0xa ./Middlewares/Third_Party/FreeRTOS/Source/CMSIS_RTOS/cmsis_os.o
                0x0000000008006cf4                osKernelStart
 .text.osThreadCreate
                0x0000000008006cfe       0x6a ./Middlewares/Third_Party/FreeRTOS/Source/CMSIS_RTOS/cmsis_os.o
                0x0000000008006cfe                osThreadCreate
 .text.osDelay  0x0000000008006d68       0x10 ./Middlewares/Third_Party/FreeRTOS/Source/CMSIS_RTOS/cmsis_os.o
                0x0000000008006d68                osDelay
 .text.vListInitialise
                0x0000000008006d78       0x16 ./Middlewares/Third_Party/FreeRTOS/Source/list.o
                0x0000000008006d78                vListInitialise
 .text.vListInitialiseItem
                0x0000000008006d8e        0x6 ./Middlewares/Third_Party/FreeRTOS/Source/list.o
                0x0000000008006d8e                vListInitialiseItem
 .text.vListInsertEnd
                0x0000000008006d94       0x16 ./Middlewares/Third_Party/FreeRTOS/Source/list.o
                0x0000000008006d94                vListInsertEnd
 .text.vListInsert
                0x0000000008006daa       0x32 ./Middlewares/Third_Party/FreeRTOS/Source/list.o
                0x0000000008006daa                vListInsert
 .text.uxListRemove
                0x0000000008006ddc       0x24 ./Middlewares/Third_Party/FreeRTOS/Source/list.o
                0x0000000008006ddc                uxListRemove
 .text.prvResetNextTaskUnblockTime
                0x0000000008006e00       0x2c ./Middlewares/Third_Party/FreeRTOS/Source/tasks.o
 .text.prvInitialiseNewTask
                0x0000000008006e2c       0x8a ./Middlewares/Third_Party/FreeRTOS/Source/tasks.o
 *fill*         0x0000000008006eb6        0x2 
 .text.prvAddNewTaskToReadyList
                0x0000000008006eb8       0xfc ./Middlewares/Third_Party/FreeRTOS/Source/tasks.o
 .text.prvDeleteTCB
                0x0000000008006fb4       0x38 ./Middlewares/Third_Party/FreeRTOS/Source/tasks.o
 .text.prvIdleTask
                0x0000000008006fec       0x68 ./Middlewares/Third_Party/FreeRTOS/Source/tasks.o
 .text.prvAddCurrentTaskToDelayedList
                0x0000000008007054       0x98 ./Middlewares/Third_Party/FreeRTOS/Source/tasks.o
 .text.xTaskCreateStatic
                0x00000000080070ec       0x74 ./Middlewares/Third_Party/FreeRTOS/Source/tasks.o
                0x00000000080070ec                xTaskCreateStatic
 .text.xTaskCreate
                0x0000000008007160       0x64 ./Middlewares/Third_Party/FreeRTOS/Source/tasks.o
                0x0000000008007160                xTaskCreate
 .text.vTaskStartScheduler
                0x00000000080071c4       0x6c ./Middlewares/Third_Party/FreeRTOS/Source/tasks.o
                0x00000000080071c4                vTaskStartScheduler
 .text.vTaskSuspendAll
                0x0000000008007230       0x10 ./Middlewares/Third_Party/FreeRTOS/Source/tasks.o
                0x0000000008007230                vTaskSuspendAll
 .text.xTaskIncrementTick
                0x0000000008007240      0x138 ./Middlewares/Third_Party/FreeRTOS/Source/tasks.o
                0x0000000008007240                xTaskIncrementTick
 .text.xTaskResumeAll
                0x0000000008007378      0x108 ./Middlewares/Third_Party/FreeRTOS/Source/tasks.o
                0x0000000008007378                xTaskResumeAll
 .text.vTaskDelay
                0x0000000008007480       0x4c ./Middlewares/Third_Party/FreeRTOS/Source/tasks.o
                0x0000000008007480                vTaskDelay
 .text.vTaskSwitchContext
                0x00000000080074cc       0x94 ./Middlewares/Third_Party/FreeRTOS/Source/tasks.o
                0x00000000080074cc                vTaskSwitchContext
 .text.prvTaskExitError
                0x0000000008007560       0x40 ./Middlewares/Third_Party/FreeRTOS/Source/portable/GCC/ARM_CM3/port.o
 .text.prvPortStartFirstTask
                0x00000000080075a0       0x20 ./Middlewares/Third_Party/FreeRTOS/Source/portable/GCC/ARM_CM3/port.o
 .text.pxPortInitialiseStack
                0x00000000080075c0       0x24 ./Middlewares/Third_Party/FreeRTOS/Source/portable/GCC/ARM_CM3/port.o
                0x00000000080075c0                pxPortInitialiseStack
 *fill*         0x00000000080075e4        0xc 
 .text.SVC_Handler
                0x00000000080075f0       0x24 ./Middlewares/Third_Party/FreeRTOS/Source/portable/GCC/ARM_CM3/port.o
                0x00000000080075f0                SVC_Handler
 .text.vPortEnterCritical
                0x0000000008007614       0x44 ./Middlewares/Third_Party/FreeRTOS/Source/portable/GCC/ARM_CM3/port.o
                0x0000000008007614                vPortEnterCritical
 .text.vPortExitCritical
                0x0000000008007658       0x2c ./Middlewares/Third_Party/FreeRTOS/Source/portable/GCC/ARM_CM3/port.o
                0x0000000008007658                vPortExitCritical
 *fill*         0x0000000008007684        0xc 
 .text.PendSV_Handler
                0x0000000008007690       0x44 ./Middlewares/Third_Party/FreeRTOS/Source/portable/GCC/ARM_CM3/port.o
                0x0000000008007690                PendSV_Handler
 .text.SysTick_Handler
                0x00000000080076d4       0x2c ./Middlewares/Third_Party/FreeRTOS/Source/portable/GCC/ARM_CM3/port.o
                0x00000000080076d4                SysTick_Handler
 .text.vPortSetupTimerInterrupt
                0x0000000008007700       0x28 ./Middlewares/Third_Party/FreeRTOS/Source/portable/GCC/ARM_CM3/port.o
                0x0000000008007700                vPortSetupTimerInterrupt
 .text.xPortStartScheduler
                0x0000000008007728       0xc8 ./Middlewares/Third_Party/FreeRTOS/Source/portable/GCC/ARM_CM3/port.o
                0x0000000008007728                xPortStartScheduler
 .text.prvInsertBlockIntoFreeList
                0x00000000080077f0       0x5c ./Middlewares/Third_Party/FreeRTOS/Source/portable/MemMang/heap_4.o
 .text.pvPortMalloc
                0x000000000800784c      0x12c ./Middlewares/Third_Party/FreeRTOS/Source/portable/MemMang/heap_4.o
                0x000000000800784c                pvPortMalloc
 .text.vPortFree
                0x0000000008007978       0x6c ./Middlewares/Third_Party/FreeRTOS/Source/portable/MemMang/heap_4.o
                0x0000000008007978                vPortFree
 .text.atof     0x00000000080079e4        0x6 D:/ST/STM32CubeIDE_1.7.0/STM32CubeIDE/plugins/com.st.stm32cube.ide.mcu.externaltools.gnu-tools-for-stm32.11.3.rel1.win32_1.1.100.202309141235/tools/bin/../lib/gcc/arm-none-eabi/11.3.1/../../../../arm-none-eabi/lib/thumb/v7-m/nofp\libc_nano.a(libc_a-atof.o)
                0x00000000080079e4                atof
 .text.atoi     0x00000000080079ea        0x8 D:/ST/STM32CubeIDE_1.7.0/STM32CubeIDE/plugins/com.st.stm32cube.ide.mcu.externaltools.gnu-tools-for-stm32.11.3.rel1.win32_1.1.100.202309141235/tools/bin/../lib/gcc/arm-none-eabi/11.3.1/../../../../arm-none-eabi/lib/thumb/v7-m/nofp\libc_nano.a(libc_a-atoi.o)
                0x00000000080079ea                atoi
 .text.sulp     0x00000000080079f2       0x42 D:/ST/STM32CubeIDE_1.7.0/STM32CubeIDE/plugins/com.st.stm32cube.ide.mcu.externaltools.gnu-tools-for-stm32.11.3.rel1.win32_1.1.100.202309141235/tools/bin/../lib/gcc/arm-none-eabi/11.3.1/../../../../arm-none-eabi/lib/thumb/v7-m/nofp\libc_nano.a(libc_a-strtod.o)
 *fill*         0x0000000008007a34        0x4 
 .text._strtod_l
                0x0000000008007a38      0xbe8 D:/ST/STM32CubeIDE_1.7.0/STM32CubeIDE/plugins/com.st.stm32cube.ide.mcu.externaltools.gnu-tools-for-stm32.11.3.rel1.win32_1.1.100.202309141235/tools/bin/../lib/gcc/arm-none-eabi/11.3.1/../../../../arm-none-eabi/lib/thumb/v7-m/nofp\libc_nano.a(libc_a-strtod.o)
                0x0000000008007a38                _strtod_l
 .text._strtod_r
                0x0000000008008620        0xc D:/ST/STM32CubeIDE_1.7.0/STM32CubeIDE/plugins/com.st.stm32cube.ide.mcu.externaltools.gnu-tools-for-stm32.11.3.rel1.win32_1.1.100.202309141235/tools/bin/../lib/gcc/arm-none-eabi/11.3.1/../../../../arm-none-eabi/lib/thumb/v7-m/nofp\libc_nano.a(libc_a-strtod.o)
                0x0000000008008620                _strtod_r
 .text.strtod   0x000000000800862c       0x18 D:/ST/STM32CubeIDE_1.7.0/STM32CubeIDE/plugins/com.st.stm32cube.ide.mcu.externaltools.gnu-tools-for-stm32.11.3.rel1.win32_1.1.100.202309141235/tools/bin/../lib/gcc/arm-none-eabi/11.3.1/../../../../arm-none-eabi/lib/thumb/v7-m/nofp\libc_nano.a(libc_a-strtod.o)
                0x000000000800862c                strtod
 .text._strtol_l.constprop.0
                0x0000000008008644       0xfc D:/ST/STM32CubeIDE_1.7.0/STM32CubeIDE/plugins/com.st.stm32cube.ide.mcu.externaltools.gnu-tools-for-stm32.11.3.rel1.win32_1.1.100.202309141235/tools/bin/../lib/gcc/arm-none-eabi/11.3.1/../../../../arm-none-eabi/lib/thumb/v7-m/nofp\libc_nano.a(libc_a-strtol.o)
 .text._strtol_r
                0x0000000008008740        0x4 D:/ST/STM32CubeIDE_1.7.0/STM32CubeIDE/plugins/com.st.stm32cube.ide.mcu.externaltools.gnu-tools-for-stm32.11.3.rel1.win32_1.1.100.202309141235/tools/bin/../lib/gcc/arm-none-eabi/11.3.1/../../../../arm-none-eabi/lib/thumb/v7-m/nofp\libc_nano.a(libc_a-strtol.o)
                0x0000000008008740                _strtol_r
 .text.strtol   0x0000000008008744       0x14 D:/ST/STM32CubeIDE_1.7.0/STM32CubeIDE/plugins/com.st.stm32cube.ide.mcu.externaltools.gnu-tools-for-stm32.11.3.rel1.win32_1.1.100.202309141235/tools/bin/../lib/gcc/arm-none-eabi/11.3.1/../../../../arm-none-eabi/lib/thumb/v7-m/nofp\libc_nano.a(libc_a-strtol.o)
                0x0000000008008744                strtol
 .text.__cvt    0x0000000008008758       0xbe D:/ST/STM32CubeIDE_1.7.0/STM32CubeIDE/plugins/com.st.stm32cube.ide.mcu.externaltools.gnu-tools-for-stm32.11.3.rel1.win32_1.1.100.202309141235/tools/bin/../lib/gcc/arm-none-eabi/11.3.1/../../../../arm-none-eabi/lib/thumb/v7-m/nofp\libc_nano.a(libc_a-nano-vfprintf_float.o)
                0x0000000008008758                __cvt
 .text.__exponent
                0x0000000008008816       0x7a D:/ST/STM32CubeIDE_1.7.0/STM32CubeIDE/plugins/com.st.stm32cube.ide.mcu.externaltools.gnu-tools-for-stm32.11.3.rel1.win32_1.1.100.202309141235/tools/bin/../lib/gcc/arm-none-eabi/11.3.1/../../../../arm-none-eabi/lib/thumb/v7-m/nofp\libc_nano.a(libc_a-nano-vfprintf_float.o)
                0x0000000008008816                __exponent
 .text._printf_float
                0x0000000008008890      0x45c D:/ST/STM32CubeIDE_1.7.0/STM32CubeIDE/plugins/com.st.stm32cube.ide.mcu.externaltools.gnu-tools-for-stm32.11.3.rel1.win32_1.1.100.202309141235/tools/bin/../lib/gcc/arm-none-eabi/11.3.1/../../../../arm-none-eabi/lib/thumb/v7-m/nofp\libc_nano.a(libc_a-nano-vfprintf_float.o)
                0x0000000008008890                _printf_float
 .text._printf_common
                0x0000000008008cec       0xe4 D:/ST/STM32CubeIDE_1.7.0/STM32CubeIDE/plugins/com.st.stm32cube.ide.mcu.externaltools.gnu-tools-for-stm32.11.3.rel1.win32_1.1.100.202309141235/tools/bin/../lib/gcc/arm-none-eabi/11.3.1/../../../../arm-none-eabi/lib/thumb/v7-m/nofp\libc_nano.a(libc_a-nano-vfprintf_i.o)
                0x0000000008008cec                _printf_common
 .text._printf_i
                0x0000000008008dd0      0x244 D:/ST/STM32CubeIDE_1.7.0/STM32CubeIDE/plugins/com.st.stm32cube.ide.mcu.externaltools.gnu-tools-for-stm32.11.3.rel1.win32_1.1.100.202309141235/tools/bin/../lib/gcc/arm-none-eabi/11.3.1/../../../../arm-none-eabi/lib/thumb/v7-m/nofp\libc_nano.a(libc_a-nano-vfprintf_i.o)
                0x0000000008008dd0                _printf_i
 .text._scanf_float
                0x0000000008009014      0x41c D:/ST/STM32CubeIDE_1.7.0/STM32CubeIDE/plugins/com.st.stm32cube.ide.mcu.externaltools.gnu-tools-for-stm32.11.3.rel1.win32_1.1.100.202309141235/tools/bin/../lib/gcc/arm-none-eabi/11.3.1/../../../../arm-none-eabi/lib/thumb/v7-m/nofp\libc_nano.a(libc_a-nano-vfscanf_float.o)
                0x0000000008009014                _scanf_float
 .text.std      0x0000000008009430       0x6c D:/ST/STM32CubeIDE_1.7.0/STM32CubeIDE/plugins/com.st.stm32cube.ide.mcu.externaltools.gnu-tools-for-stm32.11.3.rel1.win32_1.1.100.202309141235/tools/bin/../lib/gcc/arm-none-eabi/11.3.1/../../../../arm-none-eabi/lib/thumb/v7-m/nofp\libc_nano.a(libc_a-findfp.o)
 .text.stdio_exit_handler
                0x000000000800949c       0x18 D:/ST/STM32CubeIDE_1.7.0/STM32CubeIDE/plugins/com.st.stm32cube.ide.mcu.externaltools.gnu-tools-for-stm32.11.3.rel1.win32_1.1.100.202309141235/tools/bin/../lib/gcc/arm-none-eabi/11.3.1/../../../../arm-none-eabi/lib/thumb/v7-m/nofp\libc_nano.a(libc_a-findfp.o)
 .text.cleanup_stdio
                0x00000000080094b4       0x40 D:/ST/STM32CubeIDE_1.7.0/STM32CubeIDE/plugins/com.st.stm32cube.ide.mcu.externaltools.gnu-tools-for-stm32.11.3.rel1.win32_1.1.100.202309141235/tools/bin/../lib/gcc/arm-none-eabi/11.3.1/../../../../arm-none-eabi/lib/thumb/v7-m/nofp\libc_nano.a(libc_a-findfp.o)
 .text.global_stdio_init.part.0
                0x00000000080094f4       0x3c D:/ST/STM32CubeIDE_1.7.0/STM32CubeIDE/plugins/com.st.stm32cube.ide.mcu.externaltools.gnu-tools-for-stm32.11.3.rel1.win32_1.1.100.202309141235/tools/bin/../lib/gcc/arm-none-eabi/11.3.1/../../../../arm-none-eabi/lib/thumb/v7-m/nofp\libc_nano.a(libc_a-findfp.o)
 .text.__sfp_lock_acquire
                0x0000000008009530        0xc D:/ST/STM32CubeIDE_1.7.0/STM32CubeIDE/plugins/com.st.stm32cube.ide.mcu.externaltools.gnu-tools-for-stm32.11.3.rel1.win32_1.1.100.202309141235/tools/bin/../lib/gcc/arm-none-eabi/11.3.1/../../../../arm-none-eabi/lib/thumb/v7-m/nofp\libc_nano.a(libc_a-findfp.o)
                0x0000000008009530                __sfp_lock_acquire
 .text.__sfp_lock_release
                0x000000000800953c        0xc D:/ST/STM32CubeIDE_1.7.0/STM32CubeIDE/plugins/com.st.stm32cube.ide.mcu.externaltools.gnu-tools-for-stm32.11.3.rel1.win32_1.1.100.202309141235/tools/bin/../lib/gcc/arm-none-eabi/11.3.1/../../../../arm-none-eabi/lib/thumb/v7-m/nofp\libc_nano.a(libc_a-findfp.o)
                0x000000000800953c                __sfp_lock_release
 .text.__sinit  0x0000000008009548       0x30 D:/ST/STM32CubeIDE_1.7.0/STM32CubeIDE/plugins/com.st.stm32cube.ide.mcu.externaltools.gnu-tools-for-stm32.11.3.rel1.win32_1.1.100.202309141235/tools/bin/../lib/gcc/arm-none-eabi/11.3.1/../../../../arm-none-eabi/lib/thumb/v7-m/nofp\libc_nano.a(libc_a-findfp.o)
                0x0000000008009548                __sinit
 .text._fwalk_sglue
                0x0000000008009578       0x3c D:/ST/STM32CubeIDE_1.7.0/STM32CubeIDE/plugins/com.st.stm32cube.ide.mcu.externaltools.gnu-tools-for-stm32.11.3.rel1.win32_1.1.100.202309141235/tools/bin/../lib/gcc/arm-none-eabi/11.3.1/../../../../arm-none-eabi/lib/thumb/v7-m/nofp\libc_nano.a(libc_a-fwalk.o)
                0x0000000008009578                _fwalk_sglue
 .text.sprintf  0x00000000080095b4       0x40 D:/ST/STM32CubeIDE_1.7.0/STM32CubeIDE/plugins/com.st.stm32cube.ide.mcu.externaltools.gnu-tools-for-stm32.11.3.rel1.win32_1.1.100.202309141235/tools/bin/../lib/gcc/arm-none-eabi/11.3.1/../../../../arm-none-eabi/lib/thumb/v7-m/nofp\libc_nano.a(libc_a-sprintf.o)
                0x00000000080095b4                siprintf
                0x00000000080095b4                sprintf
 .text.__sread  0x00000000080095f4       0x22 D:/ST/STM32CubeIDE_1.7.0/STM32CubeIDE/plugins/com.st.stm32cube.ide.mcu.externaltools.gnu-tools-for-stm32.11.3.rel1.win32_1.1.100.202309141235/tools/bin/../lib/gcc/arm-none-eabi/11.3.1/../../../../arm-none-eabi/lib/thumb/v7-m/nofp\libc_nano.a(libc_a-stdio.o)
                0x00000000080095f4                __sread
 .text.__swrite
                0x0000000008009616       0x38 D:/ST/STM32CubeIDE_1.7.0/STM32CubeIDE/plugins/com.st.stm32cube.ide.mcu.externaltools.gnu-tools-for-stm32.11.3.rel1.win32_1.1.100.202309141235/tools/bin/../lib/gcc/arm-none-eabi/11.3.1/../../../../arm-none-eabi/lib/thumb/v7-m/nofp\libc_nano.a(libc_a-stdio.o)
                0x0000000008009616                __swrite
 .text.__sseek  0x000000000800964e       0x24 D:/ST/STM32CubeIDE_1.7.0/STM32CubeIDE/plugins/com.st.stm32cube.ide.mcu.externaltools.gnu-tools-for-stm32.11.3.rel1.win32_1.1.100.202309141235/tools/bin/../lib/gcc/arm-none-eabi/11.3.1/../../../../arm-none-eabi/lib/thumb/v7-m/nofp\libc_nano.a(libc_a-stdio.o)
                0x000000000800964e                __sseek
 .text.__sclose
                0x0000000008009672        0x8 D:/ST/STM32CubeIDE_1.7.0/STM32CubeIDE/plugins/com.st.stm32cube.ide.mcu.externaltools.gnu-tools-for-stm32.11.3.rel1.win32_1.1.100.202309141235/tools/bin/../lib/gcc/arm-none-eabi/11.3.1/../../../../arm-none-eabi/lib/thumb/v7-m/nofp\libc_nano.a(libc_a-stdio.o)
                0x0000000008009672                __sclose
 .text.memmove  0x000000000800967a       0x34 D:/ST/STM32CubeIDE_1.7.0/STM32CubeIDE/plugins/com.st.stm32cube.ide.mcu.externaltools.gnu-tools-for-stm32.11.3.rel1.win32_1.1.100.202309141235/tools/bin/../lib/gcc/arm-none-eabi/11.3.1/../../../../arm-none-eabi/lib/thumb/v7-m/nofp\libc_nano.a(libc_a-memmove.o)
                0x000000000800967a                memmove
 .text.memset   0x00000000080096ae       0x10 D:/ST/STM32CubeIDE_1.7.0/STM32CubeIDE/plugins/com.st.stm32cube.ide.mcu.externaltools.gnu-tools-for-stm32.11.3.rel1.win32_1.1.100.202309141235/tools/bin/../lib/gcc/arm-none-eabi/11.3.1/../../../../arm-none-eabi/lib/thumb/v7-m/nofp\libc_nano.a(libc_a-memset.o)
                0x00000000080096ae                memset
 .text.strncmp  0x00000000080096be       0x24 D:/ST/STM32CubeIDE_1.7.0/STM32CubeIDE/plugins/com.st.stm32cube.ide.mcu.externaltools.gnu-tools-for-stm32.11.3.rel1.win32_1.1.100.202309141235/tools/bin/../lib/gcc/arm-none-eabi/11.3.1/../../../../arm-none-eabi/lib/thumb/v7-m/nofp\libc_nano.a(libc_a-strncmp.o)
                0x00000000080096be                strncmp
 .text.strpbrk  0x00000000080096e2       0x30 D:/ST/STM32CubeIDE_1.7.0/STM32CubeIDE/plugins/com.st.stm32cube.ide.mcu.externaltools.gnu-tools-for-stm32.11.3.rel1.win32_1.1.100.202309141235/tools/bin/../lib/gcc/arm-none-eabi/11.3.1/../../../../arm-none-eabi/lib/thumb/v7-m/nofp\libc_nano.a(libc_a-strpbrk.o)
                0x00000000080096e2                strpbrk
 *fill*         0x0000000008009712        0x2 
 .text._localeconv_r
                0x0000000008009714        0x8 D:/ST/STM32CubeIDE_1.7.0/STM32CubeIDE/plugins/com.st.stm32cube.ide.mcu.externaltools.gnu-tools-for-stm32.11.3.rel1.win32_1.1.100.202309141235/tools/bin/../lib/gcc/arm-none-eabi/11.3.1/../../../../arm-none-eabi/lib/thumb/v7-m/nofp\libc_nano.a(libc_a-localeconv.o)
                0x0000000008009714                _localeconv_r
 .text._close_r
                0x000000000800971c       0x20 D:/ST/STM32CubeIDE_1.7.0/STM32CubeIDE/plugins/com.st.stm32cube.ide.mcu.externaltools.gnu-tools-for-stm32.11.3.rel1.win32_1.1.100.202309141235/tools/bin/../lib/gcc/arm-none-eabi/11.3.1/../../../../arm-none-eabi/lib/thumb/v7-m/nofp\libc_nano.a(libc_a-closer.o)
                0x000000000800971c                _close_r
 .text._lseek_r
                0x000000000800973c       0x24 D:/ST/STM32CubeIDE_1.7.0/STM32CubeIDE/plugins/com.st.stm32cube.ide.mcu.externaltools.gnu-tools-for-stm32.11.3.rel1.win32_1.1.100.202309141235/tools/bin/../lib/gcc/arm-none-eabi/11.3.1/../../../../arm-none-eabi/lib/thumb/v7-m/nofp\libc_nano.a(libc_a-lseekr.o)
                0x000000000800973c                _lseek_r
 .text._read_r  0x0000000008009760       0x24 D:/ST/STM32CubeIDE_1.7.0/STM32CubeIDE/plugins/com.st.stm32cube.ide.mcu.externaltools.gnu-tools-for-stm32.11.3.rel1.win32_1.1.100.202309141235/tools/bin/../lib/gcc/arm-none-eabi/11.3.1/../../../../arm-none-eabi/lib/thumb/v7-m/nofp\libc_nano.a(libc_a-readr.o)
                0x0000000008009760                _read_r
 .text._write_r
                0x0000000008009784       0x24 D:/ST/STM32CubeIDE_1.7.0/STM32CubeIDE/plugins/com.st.stm32cube.ide.mcu.externaltools.gnu-tools-for-stm32.11.3.rel1.win32_1.1.100.202309141235/tools/bin/../lib/gcc/arm-none-eabi/11.3.1/../../../../arm-none-eabi/lib/thumb/v7-m/nofp\libc_nano.a(libc_a-writer.o)
                0x0000000008009784                _write_r
 .text.__errno  0x00000000080097a8        0xc D:/ST/STM32CubeIDE_1.7.0/STM32CubeIDE/plugins/com.st.stm32cube.ide.mcu.externaltools.gnu-tools-for-stm32.11.3.rel1.win32_1.1.100.202309141235/tools/bin/../lib/gcc/arm-none-eabi/11.3.1/../../../../arm-none-eabi/lib/thumb/v7-m/nofp\libc_nano.a(libc_a-errno.o)
                0x00000000080097a8                __errno
 .text.__libc_init_array
                0x00000000080097b4       0x48 D:/ST/STM32CubeIDE_1.7.0/STM32CubeIDE/plugins/com.st.stm32cube.ide.mcu.externaltools.gnu-tools-for-stm32.11.3.rel1.win32_1.1.100.202309141235/tools/bin/../lib/gcc/arm-none-eabi/11.3.1/../../../../arm-none-eabi/lib/thumb/v7-m/nofp\libc_nano.a(libc_a-init.o)
                0x00000000080097b4                __libc_init_array
 .text.__retarget_lock_init_recursive
                0x00000000080097fc        0x2 D:/ST/STM32CubeIDE_1.7.0/STM32CubeIDE/plugins/com.st.stm32cube.ide.mcu.externaltools.gnu-tools-for-stm32.11.3.rel1.win32_1.1.100.202309141235/tools/bin/../lib/gcc/arm-none-eabi/11.3.1/../../../../arm-none-eabi/lib/thumb/v7-m/nofp\libc_nano.a(libc_a-lock.o)
                0x00000000080097fc                __retarget_lock_init_recursive
 .text.__retarget_lock_acquire_recursive
                0x00000000080097fe        0x2 D:/ST/STM32CubeIDE_1.7.0/STM32CubeIDE/plugins/com.st.stm32cube.ide.mcu.externaltools.gnu-tools-for-stm32.11.3.rel1.win32_1.1.100.202309141235/tools/bin/../lib/gcc/arm-none-eabi/11.3.1/../../../../arm-none-eabi/lib/thumb/v7-m/nofp\libc_nano.a(libc_a-lock.o)
                0x00000000080097fe                __retarget_lock_acquire_recursive
 .text.__retarget_lock_release_recursive
                0x0000000008009800        0x2 D:/ST/STM32CubeIDE_1.7.0/STM32CubeIDE/plugins/com.st.stm32cube.ide.mcu.externaltools.gnu-tools-for-stm32.11.3.rel1.win32_1.1.100.202309141235/tools/bin/../lib/gcc/arm-none-eabi/11.3.1/../../../../arm-none-eabi/lib/thumb/v7-m/nofp\libc_nano.a(libc_a-lock.o)
                0x0000000008009800                __retarget_lock_release_recursive
 .text.memchr   0x0000000008009802       0x1c D:/ST/STM32CubeIDE_1.7.0/STM32CubeIDE/plugins/com.st.stm32cube.ide.mcu.externaltools.gnu-tools-for-stm32.11.3.rel1.win32_1.1.100.202309141235/tools/bin/../lib/gcc/arm-none-eabi/11.3.1/../../../../arm-none-eabi/lib/thumb/v7-m/nofp\libc_nano.a(libc_a-memchr-stub.o)
                0x0000000008009802                memchr
 .text.memcpy   0x000000000800981e       0x1c D:/ST/STM32CubeIDE_1.7.0/STM32CubeIDE/plugins/com.st.stm32cube.ide.mcu.externaltools.gnu-tools-for-stm32.11.3.rel1.win32_1.1.100.202309141235/tools/bin/../lib/gcc/arm-none-eabi/11.3.1/../../../../arm-none-eabi/lib/thumb/v7-m/nofp\libc_nano.a(libc_a-memcpy-stub.o)
                0x000000000800981e                memcpy
 *fill*         0x000000000800983a        0x2 
 .text.nan      0x000000000800983c        0xc D:/ST/STM32CubeIDE_1.7.0/STM32CubeIDE/plugins/com.st.stm32cube.ide.mcu.externaltools.gnu-tools-for-stm32.11.3.rel1.win32_1.1.100.202309141235/tools/bin/../lib/gcc/arm-none-eabi/11.3.1/../../../../arm-none-eabi/lib/thumb/v7-m/nofp\libc_nano.a(libm_a-s_nan.o)
                0x000000000800983c                nan
 .text.nanf     0x0000000008009848        0x8 D:/ST/STM32CubeIDE_1.7.0/STM32CubeIDE/plugins/com.st.stm32cube.ide.mcu.externaltools.gnu-tools-for-stm32.11.3.rel1.win32_1.1.100.202309141235/tools/bin/../lib/gcc/arm-none-eabi/11.3.1/../../../../arm-none-eabi/lib/thumb/v7-m/nofp\libc_nano.a(libm_a-sf_nan.o)
                0x0000000008009848                nanf
 .text.quorem   0x0000000008009850      0x112 D:/ST/STM32CubeIDE_1.7.0/STM32CubeIDE/plugins/com.st.stm32cube.ide.mcu.externaltools.gnu-tools-for-stm32.11.3.rel1.win32_1.1.100.202309141235/tools/bin/../lib/gcc/arm-none-eabi/11.3.1/../../../../arm-none-eabi/lib/thumb/v7-m/nofp\libc_nano.a(libc_a-dtoa.o)
 *fill*         0x0000000008009962        0x6 
 .text._dtoa_r  0x0000000008009968      0xbc8 D:/ST/STM32CubeIDE_1.7.0/STM32CubeIDE/plugins/com.st.stm32cube.ide.mcu.externaltools.gnu-tools-for-stm32.11.3.rel1.win32_1.1.100.202309141235/tools/bin/../lib/gcc/arm-none-eabi/11.3.1/../../../../arm-none-eabi/lib/thumb/v7-m/nofp\libc_nano.a(libc_a-dtoa.o)
                0x0000000008009968                _dtoa_r
 .text._free_r  0x000000000800a530       0x90 D:/ST/STM32CubeIDE_1.7.0/STM32CubeIDE/plugins/com.st.stm32cube.ide.mcu.externaltools.gnu-tools-for-stm32.11.3.rel1.win32_1.1.100.202309141235/tools/bin/../lib/gcc/arm-none-eabi/11.3.1/../../../../arm-none-eabi/lib/thumb/v7-m/nofp\libc_nano.a(libc_a-freer.o)
                0x000000000800a530                _free_r
 .text.rshift   0x000000000800a5c0       0xa6 D:/ST/STM32CubeIDE_1.7.0/STM32CubeIDE/plugins/com.st.stm32cube.ide.mcu.externaltools.gnu-tools-for-stm32.11.3.rel1.win32_1.1.100.202309141235/tools/bin/../lib/gcc/arm-none-eabi/11.3.1/../../../../arm-none-eabi/lib/thumb/v7-m/nofp\libc_nano.a(libc_a-gdtoa-gethex.o)
 .text.__hexdig_fun
                0x000000000800a666       0x2a D:/ST/STM32CubeIDE_1.7.0/STM32CubeIDE/plugins/com.st.stm32cube.ide.mcu.externaltools.gnu-tools-for-stm32.11.3.rel1.win32_1.1.100.202309141235/tools/bin/../lib/gcc/arm-none-eabi/11.3.1/../../../../arm-none-eabi/lib/thumb/v7-m/nofp\libc_nano.a(libc_a-gdtoa-gethex.o)
                0x000000000800a666                __hexdig_fun
 .text.__gethex
                0x000000000800a690      0x460 D:/ST/STM32CubeIDE_1.7.0/STM32CubeIDE/plugins/com.st.stm32cube.ide.mcu.externaltools.gnu-tools-for-stm32.11.3.rel1.win32_1.1.100.202309141235/tools/bin/../lib/gcc/arm-none-eabi/11.3.1/../../../../arm-none-eabi/lib/thumb/v7-m/nofp\libc_nano.a(libc_a-gdtoa-gethex.o)
                0x000000000800a690                __gethex
 .text.L_shift  0x000000000800aaf0       0x24 D:/ST/STM32CubeIDE_1.7.0/STM32CubeIDE/plugins/com.st.stm32cube.ide.mcu.externaltools.gnu-tools-for-stm32.11.3.rel1.win32_1.1.100.202309141235/tools/bin/../lib/gcc/arm-none-eabi/11.3.1/../../../../arm-none-eabi/lib/thumb/v7-m/nofp\libc_nano.a(libc_a-gdtoa-hexnan.o)
 .text.__match  0x000000000800ab14       0x28 D:/ST/STM32CubeIDE_1.7.0/STM32CubeIDE/plugins/com.st.stm32cube.ide.mcu.externaltools.gnu-tools-for-stm32.11.3.rel1.win32_1.1.100.202309141235/tools/bin/../lib/gcc/arm-none-eabi/11.3.1/../../../../arm-none-eabi/lib/thumb/v7-m/nofp\libc_nano.a(libc_a-gdtoa-hexnan.o)
                0x000000000800ab14                __match
 .text.__hexnan
                0x000000000800ab3c      0x136 D:/ST/STM32CubeIDE_1.7.0/STM32CubeIDE/plugins/com.st.stm32cube.ide.mcu.externaltools.gnu-tools-for-stm32.11.3.rel1.win32_1.1.100.202309141235/tools/bin/../lib/gcc/arm-none-eabi/11.3.1/../../../../arm-none-eabi/lib/thumb/v7-m/nofp\libc_nano.a(libc_a-gdtoa-hexnan.o)
                0x000000000800ab3c                __hexnan
 *fill*         0x000000000800ac72        0x2 
 .text.malloc   0x000000000800ac74       0x10 D:/ST/STM32CubeIDE_1.7.0/STM32CubeIDE/plugins/com.st.stm32cube.ide.mcu.externaltools.gnu-tools-for-stm32.11.3.rel1.win32_1.1.100.202309141235/tools/bin/../lib/gcc/arm-none-eabi/11.3.1/../../../../arm-none-eabi/lib/thumb/v7-m/nofp\libc_nano.a(libc_a-malloc.o)
                0x000000000800ac74                malloc
 .text.sbrk_aligned
                0x000000000800ac84       0x40 D:/ST/STM32CubeIDE_1.7.0/STM32CubeIDE/plugins/com.st.stm32cube.ide.mcu.externaltools.gnu-tools-for-stm32.11.3.rel1.win32_1.1.100.202309141235/tools/bin/../lib/gcc/arm-none-eabi/11.3.1/../../../../arm-none-eabi/lib/thumb/v7-m/nofp\libc_nano.a(libc_a-mallocr.o)
 .text._malloc_r
                0x000000000800acc4      0x100 D:/ST/STM32CubeIDE_1.7.0/STM32CubeIDE/plugins/com.st.stm32cube.ide.mcu.externaltools.gnu-tools-for-stm32.11.3.rel1.win32_1.1.100.202309141235/tools/bin/../lib/gcc/arm-none-eabi/11.3.1/../../../../arm-none-eabi/lib/thumb/v7-m/nofp\libc_nano.a(libc_a-mallocr.o)
                0x000000000800acc4                _malloc_r
 .text.__ascii_mbtowc
                0x000000000800adc4       0x24 D:/ST/STM32CubeIDE_1.7.0/STM32CubeIDE/plugins/com.st.stm32cube.ide.mcu.externaltools.gnu-tools-for-stm32.11.3.rel1.win32_1.1.100.202309141235/tools/bin/../lib/gcc/arm-none-eabi/11.3.1/../../../../arm-none-eabi/lib/thumb/v7-m/nofp\libc_nano.a(libc_a-mbtowc_r.o)
                0x000000000800adc4                __ascii_mbtowc
 .text.__malloc_lock
                0x000000000800ade8        0xc D:/ST/STM32CubeIDE_1.7.0/STM32CubeIDE/plugins/com.st.stm32cube.ide.mcu.externaltools.gnu-tools-for-stm32.11.3.rel1.win32_1.1.100.202309141235/tools/bin/../lib/gcc/arm-none-eabi/11.3.1/../../../../arm-none-eabi/lib/thumb/v7-m/nofp\libc_nano.a(libc_a-mlock.o)
                0x000000000800ade8                __malloc_lock
 .text.__malloc_unlock
                0x000000000800adf4        0xc D:/ST/STM32CubeIDE_1.7.0/STM32CubeIDE/plugins/com.st.stm32cube.ide.mcu.externaltools.gnu-tools-for-stm32.11.3.rel1.win32_1.1.100.202309141235/tools/bin/../lib/gcc/arm-none-eabi/11.3.1/../../../../arm-none-eabi/lib/thumb/v7-m/nofp\libc_nano.a(libc_a-mlock.o)
                0x000000000800adf4                __malloc_unlock
 .text._Balloc  0x000000000800ae00       0x80 D:/ST/STM32CubeIDE_1.7.0/STM32CubeIDE/plugins/com.st.stm32cube.ide.mcu.externaltools.gnu-tools-for-stm32.11.3.rel1.win32_1.1.100.202309141235/tools/bin/../lib/gcc/arm-none-eabi/11.3.1/../../../../arm-none-eabi/lib/thumb/v7-m/nofp\libc_nano.a(libc_a-mprec.o)
                0x000000000800ae00                _Balloc
 .text._Bfree   0x000000000800ae80       0x44 D:/ST/STM32CubeIDE_1.7.0/STM32CubeIDE/plugins/com.st.stm32cube.ide.mcu.externaltools.gnu-tools-for-stm32.11.3.rel1.win32_1.1.100.202309141235/tools/bin/../lib/gcc/arm-none-eabi/11.3.1/../../../../arm-none-eabi/lib/thumb/v7-m/nofp\libc_nano.a(libc_a-mprec.o)
                0x000000000800ae80                _Bfree
 .text.__multadd
                0x000000000800aec4       0x8c D:/ST/STM32CubeIDE_1.7.0/STM32CubeIDE/plugins/com.st.stm32cube.ide.mcu.externaltools.gnu-tools-for-stm32.11.3.rel1.win32_1.1.100.202309141235/tools/bin/../lib/gcc/arm-none-eabi/11.3.1/../../../../arm-none-eabi/lib/thumb/v7-m/nofp\libc_nano.a(libc_a-mprec.o)
                0x000000000800aec4                __multadd
 .text.__s2b    0x000000000800af50       0x94 D:/ST/STM32CubeIDE_1.7.0/STM32CubeIDE/plugins/com.st.stm32cube.ide.mcu.externaltools.gnu-tools-for-stm32.11.3.rel1.win32_1.1.100.202309141235/tools/bin/../lib/gcc/arm-none-eabi/11.3.1/../../../../arm-none-eabi/lib/thumb/v7-m/nofp\libc_nano.a(libc_a-mprec.o)
                0x000000000800af50                __s2b
 .text.__hi0bits
                0x000000000800afe4       0x40 D:/ST/STM32CubeIDE_1.7.0/STM32CubeIDE/plugins/com.st.stm32cube.ide.mcu.externaltools.gnu-tools-for-stm32.11.3.rel1.win32_1.1.100.202309141235/tools/bin/../lib/gcc/arm-none-eabi/11.3.1/../../../../arm-none-eabi/lib/thumb/v7-m/nofp\libc_nano.a(libc_a-mprec.o)
                0x000000000800afe4                __hi0bits
 .text.__lo0bits
                0x000000000800b024       0x5a D:/ST/STM32CubeIDE_1.7.0/STM32CubeIDE/plugins/com.st.stm32cube.ide.mcu.externaltools.gnu-tools-for-stm32.11.3.rel1.win32_1.1.100.202309141235/tools/bin/../lib/gcc/arm-none-eabi/11.3.1/../../../../arm-none-eabi/lib/thumb/v7-m/nofp\libc_nano.a(libc_a-mprec.o)
                0x000000000800b024                __lo0bits
 *fill*         0x000000000800b07e        0x2 
 .text.__i2b    0x000000000800b080       0x2c D:/ST/STM32CubeIDE_1.7.0/STM32CubeIDE/plugins/com.st.stm32cube.ide.mcu.externaltools.gnu-tools-for-stm32.11.3.rel1.win32_1.1.100.202309141235/tools/bin/../lib/gcc/arm-none-eabi/11.3.1/../../../../arm-none-eabi/lib/thumb/v7-m/nofp\libc_nano.a(libc_a-mprec.o)
                0x000000000800b080                __i2b
 .text.__multiply
                0x000000000800b0ac      0x150 D:/ST/STM32CubeIDE_1.7.0/STM32CubeIDE/plugins/com.st.stm32cube.ide.mcu.externaltools.gnu-tools-for-stm32.11.3.rel1.win32_1.1.100.202309141235/tools/bin/../lib/gcc/arm-none-eabi/11.3.1/../../../../arm-none-eabi/lib/thumb/v7-m/nofp\libc_nano.a(libc_a-mprec.o)
                0x000000000800b0ac                __multiply
 .text.__pow5mult
                0x000000000800b1fc       0xb4 D:/ST/STM32CubeIDE_1.7.0/STM32CubeIDE/plugins/com.st.stm32cube.ide.mcu.externaltools.gnu-tools-for-stm32.11.3.rel1.win32_1.1.100.202309141235/tools/bin/../lib/gcc/arm-none-eabi/11.3.1/../../../../arm-none-eabi/lib/thumb/v7-m/nofp\libc_nano.a(libc_a-mprec.o)
                0x000000000800b1fc                __pow5mult
 .text.__lshift
                0x000000000800b2b0       0xd8 D:/ST/STM32CubeIDE_1.7.0/STM32CubeIDE/plugins/com.st.stm32cube.ide.mcu.externaltools.gnu-tools-for-stm32.11.3.rel1.win32_1.1.100.202309141235/tools/bin/../lib/gcc/arm-none-eabi/11.3.1/../../../../arm-none-eabi/lib/thumb/v7-m/nofp\libc_nano.a(libc_a-mprec.o)
                0x000000000800b2b0                __lshift
 .text.__mcmp   0x000000000800b388       0x36 D:/ST/STM32CubeIDE_1.7.0/STM32CubeIDE/plugins/com.st.stm32cube.ide.mcu.externaltools.gnu-tools-for-stm32.11.3.rel1.win32_1.1.100.202309141235/tools/bin/../lib/gcc/arm-none-eabi/11.3.1/../../../../arm-none-eabi/lib/thumb/v7-m/nofp\libc_nano.a(libc_a-mprec.o)
                0x000000000800b388                __mcmp
 *fill*         0x000000000800b3be        0x2 
 .text.__mdiff  0x000000000800b3c0      0x118 D:/ST/STM32CubeIDE_1.7.0/STM32CubeIDE/plugins/com.st.stm32cube.ide.mcu.externaltools.gnu-tools-for-stm32.11.3.rel1.win32_1.1.100.202309141235/tools/bin/../lib/gcc/arm-none-eabi/11.3.1/../../../../arm-none-eabi/lib/thumb/v7-m/nofp\libc_nano.a(libc_a-mprec.o)
                0x000000000800b3c0                __mdiff
 .text.__ulp    0x000000000800b4d8       0x40 D:/ST/STM32CubeIDE_1.7.0/STM32CubeIDE/plugins/com.st.stm32cube.ide.mcu.externaltools.gnu-tools-for-stm32.11.3.rel1.win32_1.1.100.202309141235/tools/bin/../lib/gcc/arm-none-eabi/11.3.1/../../../../arm-none-eabi/lib/thumb/v7-m/nofp\libc_nano.a(libc_a-mprec.o)
                0x000000000800b4d8                __ulp
 .text.__b2d    0x000000000800b518       0x90 D:/ST/STM32CubeIDE_1.7.0/STM32CubeIDE/plugins/com.st.stm32cube.ide.mcu.externaltools.gnu-tools-for-stm32.11.3.rel1.win32_1.1.100.202309141235/tools/bin/../lib/gcc/arm-none-eabi/11.3.1/../../../../arm-none-eabi/lib/thumb/v7-m/nofp\libc_nano.a(libc_a-mprec.o)
                0x000000000800b518                __b2d
 .text.__d2b    0x000000000800b5a8       0xac D:/ST/STM32CubeIDE_1.7.0/STM32CubeIDE/plugins/com.st.stm32cube.ide.mcu.externaltools.gnu-tools-for-stm32.11.3.rel1.win32_1.1.100.202309141235/tools/bin/../lib/gcc/arm-none-eabi/11.3.1/../../../../arm-none-eabi/lib/thumb/v7-m/nofp\libc_nano.a(libc_a-mprec.o)
                0x000000000800b5a8                __d2b
 .text.__ratio  0x000000000800b654       0x5c D:/ST/STM32CubeIDE_1.7.0/STM32CubeIDE/plugins/com.st.stm32cube.ide.mcu.externaltools.gnu-tools-for-stm32.11.3.rel1.win32_1.1.100.202309141235/tools/bin/../lib/gcc/arm-none-eabi/11.3.1/../../../../arm-none-eabi/lib/thumb/v7-m/nofp\libc_nano.a(libc_a-mprec.o)
                0x000000000800b654                __ratio
 .text.__copybits
                0x000000000800b6b0       0x46 D:/ST/STM32CubeIDE_1.7.0/STM32CubeIDE/plugins/com.st.stm32cube.ide.mcu.externaltools.gnu-tools-for-stm32.11.3.rel1.win32_1.1.100.202309141235/tools/bin/../lib/gcc/arm-none-eabi/11.3.1/../../../../arm-none-eabi/lib/thumb/v7-m/nofp\libc_nano.a(libc_a-mprec.o)
                0x000000000800b6b0                __copybits
 .text.__any_on
                0x000000000800b6f6       0x42 D:/ST/STM32CubeIDE_1.7.0/STM32CubeIDE/plugins/com.st.stm32cube.ide.mcu.externaltools.gnu-tools-for-stm32.11.3.rel1.win32_1.1.100.202309141235/tools/bin/../lib/gcc/arm-none-eabi/11.3.1/../../../../arm-none-eabi/lib/thumb/v7-m/nofp\libc_nano.a(libc_a-mprec.o)
                0x000000000800b6f6                __any_on
 .text.__ascii_wctomb
                0x000000000800b738       0x1a D:/ST/STM32CubeIDE_1.7.0/STM32CubeIDE/plugins/com.st.stm32cube.ide.mcu.externaltools.gnu-tools-for-stm32.11.3.rel1.win32_1.1.100.202309141235/tools/bin/../lib/gcc/arm-none-eabi/11.3.1/../../../../arm-none-eabi/lib/thumb/v7-m/nofp\libc_nano.a(libc_a-wctomb_r.o)
                0x000000000800b738                __ascii_wctomb
 .text.__ssputs_r
                0x000000000800b752       0xb4 D:/ST/STM32CubeIDE_1.7.0/STM32CubeIDE/plugins/com.st.stm32cube.ide.mcu.externaltools.gnu-tools-for-stm32.11.3.rel1.win32_1.1.100.202309141235/tools/bin/../lib/gcc/arm-none-eabi/11.3.1/../../../../arm-none-eabi/lib/thumb/v7-m/nofp\libc_nano.a(libc_a-nano-svfprintf.o)
                0x000000000800b752                __ssputs_r
 *fill*         0x000000000800b806        0x2 
 .text._svfprintf_r
                0x000000000800b808      0x1fc D:/ST/STM32CubeIDE_1.7.0/STM32CubeIDE/plugins/com.st.stm32cube.ide.mcu.externaltools.gnu-tools-for-stm32.11.3.rel1.win32_1.1.100.202309141235/tools/bin/../lib/gcc/arm-none-eabi/11.3.1/../../../../arm-none-eabi/lib/thumb/v7-m/nofp\libc_nano.a(libc_a-nano-svfprintf.o)
                0x000000000800b808                _svfiprintf_r
                0x000000000800b808                _svfprintf_r
 .text.__sflush_r
                0x000000000800ba04      0x104 D:/ST/STM32CubeIDE_1.7.0/STM32CubeIDE/plugins/com.st.stm32cube.ide.mcu.externaltools.gnu-tools-for-stm32.11.3.rel1.win32_1.1.100.202309141235/tools/bin/../lib/gcc/arm-none-eabi/11.3.1/../../../../arm-none-eabi/lib/thumb/v7-m/nofp\libc_nano.a(libc_a-fflush.o)
                0x000000000800ba04                __sflush_r
 .text._fflush_r
                0x000000000800bb08       0x50 D:/ST/STM32CubeIDE_1.7.0/STM32CubeIDE/plugins/com.st.stm32cube.ide.mcu.externaltools.gnu-tools-for-stm32.11.3.rel1.win32_1.1.100.202309141235/tools/bin/../lib/gcc/arm-none-eabi/11.3.1/../../../../arm-none-eabi/lib/thumb/v7-m/nofp\libc_nano.a(libc_a-fflush.o)
                0x000000000800bb08                _fflush_r
 .text._sbrk_r  0x000000000800bb58       0x20 D:/ST/STM32CubeIDE_1.7.0/STM32CubeIDE/plugins/com.st.stm32cube.ide.mcu.externaltools.gnu-tools-for-stm32.11.3.rel1.win32_1.1.100.202309141235/tools/bin/../lib/gcc/arm-none-eabi/11.3.1/../../../../arm-none-eabi/lib/thumb/v7-m/nofp\libc_nano.a(libc_a-sbrkr.o)
                0x000000000800bb58                _sbrk_r
 .text.__assert_func
                0x000000000800bb78       0x3c D:/ST/STM32CubeIDE_1.7.0/STM32CubeIDE/plugins/com.st.stm32cube.ide.mcu.externaltools.gnu-tools-for-stm32.11.3.rel1.win32_1.1.100.202309141235/tools/bin/../lib/gcc/arm-none-eabi/11.3.1/../../../../arm-none-eabi/lib/thumb/v7-m/nofp\libc_nano.a(libc_a-assert.o)
                0x000000000800bb78                __assert_func
 .text._calloc_r
                0x000000000800bbb4       0x28 D:/ST/STM32CubeIDE_1.7.0/STM32CubeIDE/plugins/com.st.stm32cube.ide.mcu.externaltools.gnu-tools-for-stm32.11.3.rel1.win32_1.1.100.202309141235/tools/bin/../lib/gcc/arm-none-eabi/11.3.1/../../../../arm-none-eabi/lib/thumb/v7-m/nofp\libc_nano.a(libc_a-callocr.o)
                0x000000000800bbb4                _calloc_r
 .text._realloc_r
                0x000000000800bbdc       0x5e D:/ST/STM32CubeIDE_1.7.0/STM32CubeIDE/plugins/com.st.stm32cube.ide.mcu.externaltools.gnu-tools-for-stm32.11.3.rel1.win32_1.1.100.202309141235/tools/bin/../lib/gcc/arm-none-eabi/11.3.1/../../../../arm-none-eabi/lib/thumb/v7-m/nofp\libc_nano.a(libc_a-reallocr.o)
                0x000000000800bbdc                _realloc_r
 *fill*         0x000000000800bc3a        0x2 
 .text.fprintf  0x000000000800bc3c       0x24 D:/ST/STM32CubeIDE_1.7.0/STM32CubeIDE/plugins/com.st.stm32cube.ide.mcu.externaltools.gnu-tools-for-stm32.11.3.rel1.win32_1.1.100.202309141235/tools/bin/../lib/gcc/arm-none-eabi/11.3.1/../../../../arm-none-eabi/lib/thumb/v7-m/nofp\libc_nano.a(libc_a-fprintf.o)
                0x000000000800bc3c                fiprintf
                0x000000000800bc3c                fprintf
 .text.abort    0x000000000800bc60        0xe D:/ST/STM32CubeIDE_1.7.0/STM32CubeIDE/plugins/com.st.stm32cube.ide.mcu.externaltools.gnu-tools-for-stm32.11.3.rel1.win32_1.1.100.202309141235/tools/bin/../lib/gcc/arm-none-eabi/11.3.1/../../../../arm-none-eabi/lib/thumb/v7-m/nofp\libc_nano.a(libc_a-abort.o)
                0x000000000800bc60                abort
 .text._malloc_usable_size_r
                0x000000000800bc6e       0x10 D:/ST/STM32CubeIDE_1.7.0/STM32CubeIDE/plugins/com.st.stm32cube.ide.mcu.externaltools.gnu-tools-for-stm32.11.3.rel1.win32_1.1.100.202309141235/tools/bin/../lib/gcc/arm-none-eabi/11.3.1/../../../../arm-none-eabi/lib/thumb/v7-m/nofp\libc_nano.a(libc_a-msizer.o)
                0x000000000800bc6e                _malloc_usable_size_r
 .text.__sfputc_r