../Core/gps_neo6/gps_neo6.c:24:7:strtoke	16	static
../Core/gps_neo6/gps_neo6.c:42:6:NEO6_ReceiveUartChar	0	static
../Core/gps_neo6/gps_neo6.c:77:5:NEO6_GetCharFromBuffer	0	static
../Core/gps_neo6/gps_neo6.c:88:5:NEO6_GetLineFromBuffer	8	static
../Core/gps_neo6/gps_neo6.c:112:6:NEO6_ParseGPRMC	8	static
../Core/gps_neo6/gps_neo6.c:173:6:NEO6_ParseGPVTG	8	static
../Core/gps_neo6/gps_neo6.c:204:6:NEO6_ParseGPGGA	8	static
../Core/gps_neo6/gps_neo6.c:245:6:NEO6_ParseGPGSA	16	static
../Core/gps_neo6/gps_neo6.c:288:6:NEO6_ParseGPGSV	0	static
../Core/gps_neo6/gps_neo6.c:301:6:NEO6_ParseGPGLL	0	static
../Core/gps_neo6/gps_neo6.c:308:6:NEO6_ParseLine	16	static
../Core/gps_neo6/gps_neo6.c:326:9:NEO6_IsFix	0	static
../Core/gps_neo6/gps_neo6.c:331:6:NEO6_Task	8	static
../Core/gps_neo6/gps_neo6.c:340:6:NEO6_Init	8	static
