../Core/Src/encoder.c:53:17:button_has_clicks	0	static
../Core/Src/encoder.c:65:17:button_is_holding	0	static
../Core/Src/encoder.c:77:9:button_get_clicks_count	0	static
../Core/Src/encoder.c:84:17:button_is_click	0	static
../Core/Src/encoder.c:97:17:button_is_held	0	static
../Core/Src/encoder.c:110:6:encoder_init	8	static
../Core/Src/encoder.c:136:6:button_timer_tick	0	static
../Core/Src/encoder.c:141:6:encoder_handling	4	static
../Core/Src/encoder.c:249:6:keyboard_handling	8	static,ignoring_inline_asm
