../Core/Src/encoder.c:52:17:button_has_clicks	0	static
../Core/Src/encoder.c:64:17:button_is_holding	0	static
../Core/Src/encoder.c:76:9:button_get_clicks_count	0	static
../Core/Src/encoder.c:83:17:button_is_click	0	static
../Core/Src/encoder.c:96:17:button_is_held	0	static
../Core/Src/encoder.c:109:6:encoder_init	8	static
../Core/Src/encoder.c:135:6:button_timer_tick	0	static
../Core/Src/encoder.c:140:6:encoder_handling	4	static
../Core/Src/encoder.c:248:6:keyboard_handling	8	static,ignoring_inline_asm
