../Core/ssd1306/ssd1306.c:8:6:ssd1306_Reset	0	static
../Core/ssd1306/ssd1306.c:13:6:ssd1306_WriteCommand	32	static
../Core/ssd1306/ssd1306.c:18:6:ssd1306_WriteData	24	static
../Core/ssd1306/ssd1306.c:63:17:ssd1306_FillBuffer	8	static
../Core/ssd1306/ssd1306.c:175:6:ssd1306_Fill	8	static
../Core/ssd1306/ssd1306.c:180:6:ssd1306_UpdateScreen	24	static
../Core/ssd1306/ssd1306.c:201:6:ssd1306_DrawPixel	0	static
../Core/ssd1306/ssd1306.c:221:6:ssd1306_WriteChar	56	static
../Core/ssd1306/ssd1306.c:256:6:ssd1306_WriteString	24	static
../Core/ssd1306/ssd1306.c:270:6:ssd1306_SetCursor	0	static
../Core/ssd1306/ssd1306.c:276:6:ssd1306_Line	56	static
../Core/ssd1306/ssd1306.c:303:6:ssd1306_Polyline	32	static
../Core/ssd1306/ssd1306.c:338:6:ssd1306_DrawArc	88	static
../Core/ssd1306/ssd1306.c:378:6:ssd1306_DrawArcWithRadiusLine	88	static
../Core/ssd1306/ssd1306.c:421:6:ssd1306_DrawCircle	48	static
../Core/ssd1306/ssd1306.c:456:6:ssd1306_FillCircle	56	static
../Core/ssd1306/ssd1306.c:492:6:ssd1306_DrawRectangle	32	static
../Core/ssd1306/ssd1306.c:502:6:ssd1306_FillRectangle	32	static
../Core/ssd1306/ssd1306.c:517:6:ssd1306_DrawBitmap	56	static
../Core/ssd1306/ssd1306.c:541:6:ssd1306_SetContrast	8	static
../Core/ssd1306/ssd1306.c:547:6:ssd1306_SetDisplayOn	8	static
../Core/ssd1306/ssd1306.c:73:6:ssd1306_Init	8	static
../Core/ssd1306/ssd1306.c:559:9:ssd1306_GetDisplayOn	0	static
